---
source: relay-server/src/utils/unreal.rs
expression: "Annotated::new(event).to_json_pretty().unwrap()"
---
{
  "logentry": {
    "formatted": "Access violation - code c0000005 (first/second chance not available)"
  },
  "user": {
    "username": "bruno"
  },
  "contexts": {
    "device": {
      "memory_size": 6896832512,
      "type": "device"
    },
    "gpu": {
      "name": "NVIDIA GeForce RTX 4060 Laptop GPU",
      "version": "551.52",
      "id": "28E0",
      "vendor_name": "NVIDIA",
      "api_type": "D3D12",
      "graphics_shader_level": "SM5",
      "type": "gpu"
    },
    "os": {
      "name": "Windows 10",
      "type": "os"
    },
    "unreal": {
      "custom": {
        "CrashVersion": "3",
        "PlatformFullName": "Win64 [Windows 10  64b]"
      },
      "memory_stats_total_virtual": 140737488224256,
      "misc_cpu_brand": "Intel(R) Core(TM) i7-7920HQ CPU @ 3.10GHz",
      "misc_cpu_vendor": "GenuineIntel",
      "misc_primary_gpu_brand": "Parallels Display Adapter (WDDM)"
    }
  },
  "sdk": {
    "name": "unreal.crashreporter",
    "version": "1.0"
  }
}
