---
source: relay-server/src/metrics_extraction/event.rs
expression: "(&event.value().unwrap().spans, metrics)"
---
(
    [
        Span {
            timestamp: Timestamp(
                2020-08-21T02:18:22Z,
            ),
            start_timestamp: Timestamp(
                2020-08-21T02:18:20Z,
            ),
            exclusive_time: 2000.0,
            description: ~,
            op: "app.start.cold",
            span_id: SpanId(
                "bd429c44b67a3eb4",
            ),
            parent_span_id: ~,
            trace_id: TraceId(
                "ff62a8b040f340bda5d830223def1d81",
            ),
            segment_id: ~,
            is_segment: ~,
            status: ~,
            tags: ~,
            origin: ~,
            profile_id: ~,
            data: ~,
            sentry_tags: {
                "app_start_type": "warm",
                "category": "app",
                "device.class": "1",
                "mobile": "true",
                "op": "app.start.cold",
                "os.name": "iOS",
                "release": "1.2.3",
                "transaction": "gEt /api/:version/users/",
                "transaction.method": "GET",
                "ttid": "ttid",
            },
            received: ~,
            measurements: ~,
            _metrics_summary: ~,
            other: {},
        },
        Span {
            timestamp: Timestamp(
                2020-08-21T02:18:23Z,
            ),
            start_timestamp: Timestamp(
                2020-08-21T02:18:20Z,
            ),
            exclusive_time: 3000.0,
            description: ~,
            op: "ui.load.initial_display",
            span_id: SpanId(
                "bd429c44b67a3eb2",
            ),
            parent_span_id: ~,
            trace_id: TraceId(
                "ff62a8b040f340bda5d830223def1d81",
            ),
            segment_id: ~,
            is_segment: ~,
            status: ~,
            tags: ~,
            origin: ~,
            profile_id: ~,
            data: ~,
            sentry_tags: {
                "app_start_type": "warm",
                "device.class": "1",
                "mobile": "true",
                "op": "ui.load.initial_display",
                "os.name": "iOS",
                "release": "1.2.3",
                "transaction": "gEt /api/:version/users/",
                "transaction.method": "GET",
                "ttid": "ttid",
            },
            received: ~,
            measurements: ~,
            _metrics_summary: ~,
            other: {},
        },
        Span {
            timestamp: Timestamp(
                2020-08-21T02:18:23Z,
            ),
            start_timestamp: Timestamp(
                2020-08-21T02:18:20Z,
            ),
            exclusive_time: 3000.0,
            description: "Cold Start",
            op: "app.start.cold",
            span_id: SpanId(
                "bd429c44b67a3eb2",
            ),
            parent_span_id: ~,
            trace_id: TraceId(
                "ff62a8b040f340bda5d830223def1d81",
            ),
            segment_id: ~,
            is_segment: ~,
            status: ~,
            tags: ~,
            origin: ~,
            profile_id: ~,
            data: ~,
            sentry_tags: {
                "app_start_type": "warm",
                "category": "app",
                "description": "Cold Start",
                "device.class": "1",
                "group": "2d675185edfeb30c",
                "mobile": "true",
                "op": "app.start.cold",
                "os.name": "iOS",
                "release": "1.2.3",
                "transaction": "gEt /api/:version/users/",
                "transaction.method": "GET",
                "ttid": "ttid",
            },
            received: ~,
            measurements: ~,
            _metrics_summary: ~,
            other: {},
        },
        Span {
            timestamp: Timestamp(
                2020-08-21T02:18:23Z,
            ),
            start_timestamp: Timestamp(
                2020-08-21T02:18:20Z,
            ),
            exclusive_time: 3000.0,
            description: "Custom Op",
            op: "custom.op",
            span_id: SpanId(
                "bd429c44b67a3eb2",
            ),
            parent_span_id: ~,
            trace_id: TraceId(
                "ff62a8b040f340bda5d830223def1d81",
            ),
            segment_id: ~,
            is_segment: ~,
            status: ~,
            tags: ~,
            origin: ~,
            profile_id: ~,
            data: ~,
            sentry_tags: {
                "app_start_type": "warm",
                "device.class": "1",
                "mobile": "true",
                "op": "custom.op",
                "os.name": "iOS",
                "release": "1.2.3",
                "transaction": "gEt /api/:version/users/",
                "transaction.method": "GET",
                "ttid": "ttid",
            },
            received: ~,
            measurements: ~,
            _metrics_summary: ~,
            other: {},
        },
        Span {
            timestamp: Timestamp(
                2020-08-21T02:18:23Z,
            ),
            start_timestamp: Timestamp(
                2020-08-21T02:18:20Z,
            ),
            exclusive_time: 3000.0,
            description: "io.sentry.android.core.SentryPerformanceProvider.onCreate",
            op: "contentprovider.load",
            span_id: SpanId(
                "bd429c44b67a3eb2",
            ),
            parent_span_id: ~,
            trace_id: TraceId(
                "ff62a8b040f340bda5d830223def1d81",
            ),
            segment_id: ~,
            is_segment: ~,
            status: ~,
            tags: ~,
            origin: ~,
            profile_id: ~,
            data: ~,
            sentry_tags: {
                "app_start_type": "warm",
                "description": "io.sentry.android.core.SentryPerformanceProvider.onCreate",
                "device.class": "1",
                "group": "cfb484dec50a18c9",
                "mobile": "true",
                "op": "contentprovider.load",
                "os.name": "iOS",
                "release": "1.2.3",
                "transaction": "gEt /api/:version/users/",
                "transaction.method": "GET",
                "ttid": "ttid",
            },
            received: ~,
            measurements: ~,
            _metrics_summary: ~,
            other: {},
        },
        Span {
            timestamp: Timestamp(
                2020-08-21T02:18:23Z,
            ),
            start_timestamp: Timestamp(
                2020-08-21T02:18:20Z,
            ),
            exclusive_time: 3000.0,
            description: "io.sentry.samples.android.MyApplication.onCreate",
            op: "application.load",
            span_id: SpanId(
                "bd429c44b67a3eb2",
            ),
            parent_span_id: ~,
            trace_id: TraceId(
                "ff62a8b040f340bda5d830223def1d81",
            ),
            segment_id: ~,
            is_segment: ~,
            status: ~,
            tags: ~,
            origin: ~,
            profile_id: ~,
            data: ~,
            sentry_tags: {
                "app_start_type": "warm",
                "description": "io.sentry.samples.android.MyApplication.onCreate",
                "device.class": "1",
                "group": "a928f42bab6aff5b",
                "mobile": "true",
                "op": "application.load",
                "os.name": "iOS",
                "release": "1.2.3",
                "transaction": "gEt /api/:version/users/",
                "transaction.method": "GET",
                "ttid": "ttid",
            },
            received: ~,
            measurements: ~,
            _metrics_summary: ~,
            other: {},
        },
        Span {
            timestamp: Timestamp(
                2020-08-21T02:18:23Z,
            ),
            start_timestamp: Timestamp(
                2020-08-21T02:18:20Z,
            ),
            exclusive_time: 3000.0,
            description: "io.sentry.samples.android.MainActivity.onCreate",
            op: "activity.load",
            span_id: SpanId(
                "bd429c44b67a3eb2",
            ),
            parent_span_id: ~,
            trace_id: TraceId(
                "ff62a8b040f340bda5d830223def1d81",
            ),
            segment_id: ~,
            is_segment: ~,
            status: ~,
            tags: ~,
            origin: ~,
            profile_id: ~,
            data: SpanData {
                app_start_type: String(
                    "cold",
                ),
                browser_name: ~,
                code_filepath: ~,
                code_lineno: ~,
                code_function: ~,
                code_namespace: ~,
                db_operation: ~,
                db_system: ~,
                environment: ~,
                http_decoded_response_content_length: ~,
                http_request_method: ~,
                http_response_content_length: ~,
                http_response_transfer_size: ~,
                resource_render_blocking_status: ~,
                server_address: ~,
                http_response_status_code: ~,
                thread_name: ~,
                ui_component_name: ~,
                url_scheme: ~,
                transaction: ~,
                other: {},
            },
            sentry_tags: {
                "app_start_type": "cold",
                "description": "io.sentry.samples.android.MainActivity.onCreate",
                "device.class": "1",
                "group": "6d931be5b5897006",
                "mobile": "true",
                "op": "activity.load",
                "os.name": "iOS",
                "release": "1.2.3",
                "transaction": "gEt /api/:version/users/",
                "transaction.method": "GET",
                "ttid": "ttid",
            },
            received: ~,
            measurements: ~,
            _metrics_summary: ~,
            other: {},
        },
    ],
    [
        Bucket {
            timestamp: UnixTimestamp(1597976302),
            width: 0,
            name: "d:spans/exclusive_time@millisecond",
            value: Distribution(
                [
                    2000.0,
                ],
            ),
            tags: {
                "app_start_type": "warm",
                "device.class": "1",
                "os.name": "iOS",
                "release": "1.2.3",
                "span.category": "app",
                "span.op": "app.start.cold",
                "transaction": "gEt /api/:version/users/",
                "transaction.method": "GET",
                "ttid": "ttid",
            },
        },
        Bucket {
            timestamp: UnixTimestamp(1597976302),
            width: 0,
            name: "d:spans/exclusive_time_light@millisecond",
            value: Distribution(
                [
                    2000.0,
                ],
            ),
            tags: {
                "device.class": "1",
                "os.name": "iOS",
                "release": "1.2.3",
                "span.category": "app",
                "span.op": "app.start.cold",
            },
        },
        Bucket {
            timestamp: UnixTimestamp(1597976302),
            width: 0,
            name: "c:spans/count_per_op@none",
            value: Counter(
                1.0,
            ),
            tags: {
                "span.category": "app",
                "span.op": "app.start.cold",
            },
        },
        Bucket {
            timestamp: UnixTimestamp(1597976302),
            width: 0,
            name: "c:spans/count_per_segment@none",
            value: Counter(
                1.0,
            ),
            tags: {
                "release": "1.2.3",
                "transaction": "gEt /api/:version/users/",
            },
        },
        Bucket {
            timestamp: UnixTimestamp(1597976303),
            width: 0,
            name: "d:spans/exclusive_time@millisecond",
            value: Distribution(
                [
                    3000.0,
                ],
            ),
            tags: {
                "app_start_type": "warm",
                "device.class": "1",
                "os.name": "iOS",
                "release": "1.2.3",
                "span.op": "ui.load.initial_display",
                "transaction": "gEt /api/:version/users/",
                "transaction.method": "GET",
                "ttid": "ttid",
            },
        },
        Bucket {
            timestamp: UnixTimestamp(1597976303),
            width: 0,
            name: "d:spans/exclusive_time_light@millisecond",
            value: Distribution(
                [
                    3000.0,
                ],
            ),
            tags: {
                "device.class": "1",
                "os.name": "iOS",
                "release": "1.2.3",
                "span.op": "ui.load.initial_display",
            },
        },
        Bucket {
            timestamp: UnixTimestamp(1597976303),
            width: 0,
            name: "c:spans/count_per_op@none",
            value: Counter(
                1.0,
            ),
            tags: {
                "span.op": "ui.load.initial_display",
            },
        },
        Bucket {
            timestamp: UnixTimestamp(1597976303),
            width: 0,
            name: "c:spans/count_per_segment@none",
            value: Counter(
                1.0,
            ),
            tags: {
                "release": "1.2.3",
                "transaction": "gEt /api/:version/users/",
            },
        },
        Bucket {
            timestamp: UnixTimestamp(1597976303),
            width: 0,
            name: "d:spans/exclusive_time@millisecond",
            value: Distribution(
                [
                    3000.0,
                ],
            ),
            tags: {
                "app_start_type": "warm",
                "device.class": "1",
                "os.name": "iOS",
                "release": "1.2.3",
                "span.category": "app",
                "span.description": "Cold Start",
                "span.group": "2d675185edfeb30c",
                "span.op": "app.start.cold",
                "transaction": "gEt /api/:version/users/",
                "transaction.method": "GET",
                "ttid": "ttid",
            },
        },
        Bucket {
            timestamp: UnixTimestamp(1597976303),
            width: 0,
            name: "d:spans/exclusive_time_light@millisecond",
            value: Distribution(
                [
                    3000.0,
                ],
            ),
            tags: {
                "device.class": "1",
                "os.name": "iOS",
                "release": "1.2.3",
                "span.category": "app",
                "span.description": "Cold Start",
                "span.group": "2d675185edfeb30c",
                "span.op": "app.start.cold",
            },
        },
        Bucket {
            timestamp: UnixTimestamp(1597976303),
            width: 0,
            name: "c:spans/count_per_op@none",
            value: Counter(
                1.0,
            ),
            tags: {
                "span.category": "app",
                "span.op": "app.start.cold",
            },
        },
        Bucket {
            timestamp: UnixTimestamp(1597976303),
            width: 0,
            name: "c:spans/count_per_segment@none",
            value: Counter(
                1.0,
            ),
            tags: {
                "release": "1.2.3",
                "transaction": "gEt /api/:version/users/",
            },
        },
        Bucket {
            timestamp: UnixTimestamp(1597976303),
            width: 0,
            name: "d:spans/duration@millisecond",
            value: Distribution(
                [
                    3000.0,
                ],
            ),
            tags: {
                "app_start_type": "warm",
                "device.class": "1",
                "os.name": "iOS",
                "release": "1.2.3",
                "span.description": "Cold Start",
                "span.group": "2d675185edfeb30c",
                "span.op": "app.start.cold",
                "transaction": "gEt /api/:version/users/",
            },
        },
        Bucket {
            timestamp: UnixTimestamp(1597976303),
            width: 0,
            name: "c:spans/count_per_op@none",
            value: Counter(
                1.0,
            ),
            tags: {
                "span.op": "custom.op",
            },
        },
        Bucket {
            timestamp: UnixTimestamp(1597976303),
            width: 0,
            name: "c:spans/count_per_segment@none",
            value: Counter(
                1.0,
            ),
            tags: {
                "release": "1.2.3",
                "transaction": "gEt /api/:version/users/",
            },
        },
        Bucket {
            timestamp: UnixTimestamp(1597976303),
            width: 0,
            name: "d:spans/exclusive_time@millisecond",
            value: Distribution(
                [
                    3000.0,
                ],
            ),
            tags: {
                "app_start_type": "warm",
                "device.class": "1",
                "os.name": "iOS",
                "release": "1.2.3",
                "span.description": "io.sentry.android.core.SentryPerformanceProvider.onCreate",
                "span.group": "cfb484dec50a18c9",
                "span.op": "contentprovider.load",
                "transaction": "gEt /api/:version/users/",
                "transaction.method": "GET",
                "ttid": "ttid",
            },
        },
        Bucket {
            timestamp: UnixTimestamp(1597976303),
            width: 0,
            name: "d:spans/exclusive_time_light@millisecond",
            value: Distribution(
                [
                    3000.0,
                ],
            ),
            tags: {
                "device.class": "1",
                "os.name": "iOS",
                "release": "1.2.3",
                "span.description": "io.sentry.android.core.SentryPerformanceProvider.onCreate",
                "span.group": "cfb484dec50a18c9",
                "span.op": "contentprovider.load",
            },
        },
        Bucket {
            timestamp: UnixTimestamp(1597976303),
            width: 0,
            name: "c:spans/count_per_op@none",
            value: Counter(
                1.0,
            ),
            tags: {
                "span.op": "contentprovider.load",
            },
        },
        Bucket {
            timestamp: UnixTimestamp(1597976303),
            width: 0,
            name: "c:spans/count_per_segment@none",
            value: Counter(
                1.0,
            ),
            tags: {
                "release": "1.2.3",
                "transaction": "gEt /api/:version/users/",
            },
        },
        Bucket {
            timestamp: UnixTimestamp(1597976303),
            width: 0,
            name: "d:spans/exclusive_time@millisecond",
            value: Distribution(
                [
                    3000.0,
                ],
            ),
            tags: {
                "app_start_type": "warm",
                "device.class": "1",
                "os.name": "iOS",
                "release": "1.2.3",
                "span.description": "io.sentry.samples.android.MyApplication.onCreate",
                "span.group": "a928f42bab6aff5b",
                "span.op": "application.load",
                "transaction": "gEt /api/:version/users/",
                "transaction.method": "GET",
                "ttid": "ttid",
            },
        },
        Bucket {
            timestamp: UnixTimestamp(1597976303),
            width: 0,
            name: "d:spans/exclusive_time_light@millisecond",
            value: Distribution(
                [
                    3000.0,
                ],
            ),
            tags: {
                "device.class": "1",
                "os.name": "iOS",
                "release": "1.2.3",
                "span.description": "io.sentry.samples.android.MyApplication.onCreate",
                "span.group": "a928f42bab6aff5b",
                "span.op": "application.load",
            },
        },
        Bucket {
            timestamp: UnixTimestamp(1597976303),
            width: 0,
            name: "c:spans/count_per_op@none",
            value: Counter(
                1.0,
            ),
            tags: {
                "span.op": "application.load",
            },
        },
        Bucket {
            timestamp: UnixTimestamp(1597976303),
            width: 0,
            name: "c:spans/count_per_segment@none",
            value: Counter(
                1.0,
            ),
            tags: {
                "release": "1.2.3",
                "transaction": "gEt /api/:version/users/",
            },
        },
        Bucket {
            timestamp: UnixTimestamp(1597976303),
            width: 0,
            name: "d:spans/exclusive_time@millisecond",
            value: Distribution(
                [
                    3000.0,
                ],
            ),
            tags: {
                "app_start_type": "cold",
                "device.class": "1",
                "os.name": "iOS",
                "release": "1.2.3",
                "span.description": "io.sentry.samples.android.MainActivity.onCreate",
                "span.group": "6d931be5b5897006",
                "span.op": "activity.load",
                "transaction": "gEt /api/:version/users/",
                "transaction.method": "GET",
                "ttid": "ttid",
            },
        },
        Bucket {
            timestamp: UnixTimestamp(1597976303),
            width: 0,
            name: "d:spans/exclusive_time_light@millisecond",
            value: Distribution(
                [
                    3000.0,
                ],
            ),
            tags: {
                "device.class": "1",
                "os.name": "iOS",
                "release": "1.2.3",
                "span.description": "io.sentry.samples.android.MainActivity.onCreate",
                "span.group": "6d931be5b5897006",
                "span.op": "activity.load",
            },
        },
        Bucket {
            timestamp: UnixTimestamp(1597976303),
            width: 0,
            name: "c:spans/count_per_op@none",
            value: Counter(
                1.0,
            ),
            tags: {
                "span.op": "activity.load",
            },
        },
        Bucket {
            timestamp: UnixTimestamp(1597976303),
            width: 0,
            name: "c:spans/count_per_segment@none",
            value: Counter(
                1.0,
            ),
            tags: {
                "release": "1.2.3",
                "transaction": "gEt /api/:version/users/",
            },
        },
    ],
)
