---
source: relay-server/src/processing/logs/process.rs
expression: SerializableAnnotated(&data.value().unwrap().attributes)
---
{
  "@mac:remove|4a:00:04:10:9b:50": {
    "type": "string",
    "value": ""
  },
  "_meta": {
    "@mac:remove|4a:00:04:10:9b:50": {
      "value": {
        "": {
          "rem": [
            [
              "@mac:remove",
              "x",
              0,
              0
            ]
          ],
          "len": 17
        }
      }
    }
  }
}
