---
source: tools/document-pii/src/main.rs
expression: output
---
[
    Pii {
        path: "FooBar.not_sensitive",
    },
    Pii {
        path: "HasGeneric.maybe_sensitive_stuff",
    },
    Pii {
        path: "InnerGeneric.bitcoin_wallet_key",
    },
    Pii {
        path: "MyStruct.foo",
    },
    Pii {
        path: "MyStruct.sub_struct.field2",
    },
    Pii {
        path: "MyStruct.sub_struct.mystery_field.bitcoin_wallet_key",
    },
    Pii {
        path: "MyStruct.sub_struct.mystery_field.maybe_sensitive_stuff",
    },
    Pii {
        path: "SelfReferential.pretty_sensitive",
    },
    Pii {
        path: "SubStruct.field2",
    },
    Pii {
        path: "SubStruct.mystery_field.bitcoin_wallet_key",
    },
    Pii {
        path: "SubStruct.mystery_field.maybe_sensitive_stuff",
    },
]
