---
source: relay-server/src/metrics_extraction/transactions/mod.rs
expression: event.value().unwrap().spans
---
[
    Span {
        timestamp: Timestamp(
            2020-08-21T02:18:22Z,
        ),
        start_timestamp: Timestamp(
            2020-08-21T02:18:20Z,
        ),
        exclusive_time: 2000.0,
        description: "<OrganizationContext>",
        op: "react.mount",
        span_id: SpanId(
            "bd429c44b67a3eb4",
        ),
        parent_span_id: SpanId(
            "8f5a2b8768cafb4e",
        ),
        trace_id: TraceId(
            "ff62a8b040f340bda5d830223def1d81",
        ),
        status: ~,
        tags: ~,
        origin: ~,
        data: ~,
        other: {},
    },
]
