---
source: relay-event-normalization/src/normalize/nel.rs
expression: "SerializableAnnotated(&Annotated::new(log))"
---
{
  "timestamp": 1619424004.0,
  "trace_id": "825d2fca3bcd40d390a0b39fe7102e90",
  "level": "warn",
  "body": "DNS server is unreachable",
  "attributes": {
    "browser.report.type": {
      "type": "string",
      "value": "network-error"
    },
    "http.request.duration": {
      "type": "integer",
      "value": 2000
    },
    "http.request.method": {
      "type": "string",
      "value": "POST"
    },
    "nel.phase": {
      "type": "string",
      "value": "dns"
    },
    "nel.sampling_fraction": {
      "type": "double",
      "value": 0.5
    },
    "nel.type": {
      "type": "string",
      "value": "dns.unreachable"
    },
    "network.protocol.name": {
      "type": "string",
      "value": "http"
    },
    "network.protocol.version": {
      "type": "string",
      "value": "2"
    },
    "sentry.origin": {
      "type": "string",
      "value": "auto.http.browser_report.nel"
    },
    "server.address": {
      "type": "string",
      "value": "10.0.0.1"
    },
    "url.domain": {
      "type": "string",
      "value": "api.example.com"
    },
    "url.full": {
      "type": "string",
      "value": "https://api.example.com/v1/users"
    }
  }
}
