---
source: relay-event-normalization/src/normalize/nel.rs
expression: "SerializableAnnotated(&Annotated::new(log))"
---
{
  "timestamp": 1619424000.0,
  "trace_id": "00000000000000000000000000000000",
  "level": "info",
  "body": "The user agent successfully received a response, but it had a 500 status code",
  "attributes": {
    "http.request.duration": {
      "type": "integer",
      "value": 1000
    },
    "http.request.header.referer": {
      "type": "string",
      "value": "https://example.com/referer"
    },
    "http.request.method": {
      "type": "string",
      "value": "GET"
    },
    "http.response.status_code": {
      "type": "integer",
      "value": 500
    },
    "nel.phase": {
      "type": "string",
      "value": "application"
    },
    "nel.sampling_fraction": {
      "type": "double",
      "value": 1.0
    },
    "nel.type": {
      "type": "string",
      "value": "http.error"
    },
    "network.protocol": {
      "type": "string",
      "value": "http/1.1"
    },
    "report_type": {
      "type": "string",
      "value": "network-error"
    },
    "sentry.origin": {
      "type": "string",
      "value": "auto.http.browser_reports.nel"
    },
    "server.address": {
      "type": "string",
      "value": "192.168.1.1"
    },
    "url.domain": {
      "type": "string",
      "value": "example.com"
    },
    "url.full": {
      "type": "string",
      "value": "https://example.com/api"
    }
  }
}
