---
source: relay-event-normalization/src/normalize/nel.rs
expression: "SerializableAnnotated(&Annotated::new(log))"
---
{
  "timestamp": 1619424005.0,
  "trace_id": "00000000000000000000000000000000",
  "level": "warn",
  "body": "error type is unknown",
  "attributes": {
    "browser.report.type": {
      "type": "string",
      "value": "network-error"
    },
    "nel.type": {
      "type": "string",
      "value": "unknown"
    },
    "sentry.origin": {
      "type": "string",
      "value": "auto.http.browser_report.nel"
    }
  }
}
