---
source: general/src/datascrubbing/convert.rs
expression: data
---
{
  "extra": {
    "foo": "foo redis://redis:[filtered]@localhost:6379/0 bar pg://matt:[filtered]@localhost/1"
  },
  "_meta": {
    "extra": {
      "foo": {
        "": {
          "rem": [
            [
              "@urlauth:legacy",
              "s",
              18,
              28
            ],
            [
              "@urlauth:legacy",
              "s",
              60,
              70
            ]
          ],
          "len": 68
        }
      }
    }
  }
}
