---
source: general/src/datascrubbing/convert.rs
expression: data
---
{
  "extra": {
    "foo": "{\"a\":\"https://localhost\",\"b\":\"[email]\",\"c\":\"pg://matt:[email]/1\",\"d\":\"lol\"}"
  },
  "_meta": {
    "extra": {
      "foo": {
        "": {
          "rem": [
            [
              "@email",
              "s",
              30,
              37
            ],
            [
              "@email",
              "s",
              54,
              61
            ]
          ],
          "len": 88
        }
      }
    }
  }
}
