---
source: general/src/datascrubbing/convert.rs
expression: data
---
{
  "extra": {
    "s": "***-**-****"
  },
  "_meta": {
    "extra": {
      "s": {
        "": {
          "rem": [
            [
              "@usssn",
              "m",
              0,
              11
            ]
          ],
          "len": 11
        }
      }
    }
  }
}
