---
source: general/src/datascrubbing/convert.rs
expression: data
---
{
  "extra": {
    "foo": "foo [creditcard]"
  },
  "_meta": {
    "extra": {
      "foo": {
        "": {
          "rem": [
            [
              "@creditcard",
              "s",
              4,
              16
            ]
          ],
          "len": 20
        }
      }
    }
  }
}
