---
source: relay-pii/src/convert.rs
expression: data
---
{
  "user": {
    "ip_address": null,
    "username": "[Filtered]",
    "data": {
      "a_password_here": "[Filtered]",
      "apiKey": "[Filtered]",
      "api_key": "[Filtered]",
      "foo": "bar",
      "otp": "[Filtered]",
      "password": "[Filtered]",
      "the_secret": "[Filtered]",
      "two-factor": "[Filtered]",
      "two_factor": "[Filtered]"
    }
  },
  "_meta": {
    "user": {
      "data": {
        "a_password_here": {
          "": {
            "rem": [
              [
                "@password:filter",
                "s",
                0,
                10
              ]
            ],
            "len": 5
          }
        },
        "apiKey": {
          "": {
            "rem": [
              [
                "@password:filter",
                "s",
                0,
                10
              ]
            ],
            "len": 10
          }
        },
        "api_key": {
          "": {
            "rem": [
              [
                "@password:filter",
                "s",
                0,
                10
              ]
            ],
            "len": 10
          }
        },
        "otp": {
          "": {
            "rem": [
              [
                "@password:filter",
                "s",
                0,
                10
              ]
            ],
            "len": 8
          }
        },
        "password": {
          "": {
            "rem": [
              [
                "@password:filter",
                "s",
                0,
                10
              ]
            ],
            "len": 5
          }
        },
        "the_secret": {
          "": {
            "rem": [
              [
                "@password:filter",
                "s",
                0,
                10
              ]
            ],
            "len": 5
          }
        },
        "two-factor": {
          "": {
            "rem": [
              [
                "@password:filter",
                "s",
                0,
                10
              ]
            ],
            "len": 8
          }
        },
        "two_factor": {
          "": {
            "rem": [
              [
                "@password:filter",
                "s",
                0,
                10
              ]
            ],
            "len": 8
          }
        }
      },
      "ip_address": {
        "": {
          "rem": [
            [
              "@ip:replace",
              "s",
              0,
              4
            ],
            [
              "@anything:remove",
              "x"
            ]
          ],
          "len": 13
        }
      },
      "username": {
        "": {
          "rem": [
            [
              "@password:filter",
              "s",
              0,
              10
            ]
          ],
          "len": 6
        }
      }
    }
  }
}
