---
source: relay-general/src/pii/convert.rs
expression: data
---
{
  "request": {
    "url": "https://www.example.com/fr/testing/authenticate",
    "method": "POST",
    "data": {
      "credentials": {
        "email": "testing@example.com",
        "password": "[Filtered]"
      },
      "password": "[Filtered]",
      "submit": "Se connecter"
    }
  },
  "_meta": {
    "request": {
      "data": {
        "credentials": {
          "password": {
            "": {
              "rem": [
                [
                  "@password:filter",
                  "s",
                  0,
                  10
                ]
              ],
              "len": 4
            }
          }
        },
        "password": {
          "": {
            "rem": [
              [
                "@password:filter",
                "s",
                0,
                10
              ]
            ],
            "len": 4
          }
        }
      }
    }
  }
}
