---
source: relay-pii/src/convert.rs
expression: data
---
{
  "contexts": {
    "trace": {
      "data": {
        "http.request.header.cookie": "[Filtered]",
        "http.request.header.cookie.__session": "foobar",
        "http.request.header.cookie._csrf": "foobar",
        "http.request.header.cookie._iris_csrf": "foobar",
        "http.request.header.cookie._xsrf": "foobar",
        "http.request.header.cookie.csrf": "foobar",
        "http.request.header.cookie.csrf-token": "[Filtered]",
        "http.request.header.cookie.csrf_token": "[Filtered]",
        "http.request.header.cookie.fastcsrf": "foobar",
        "http.request.header.cookie.fasthttpsessionid": "foobar",
        "http.request.header.cookie.irissessionid": "foobar",
        "http.request.header.cookie.mysession": "foobar",
        "http.request.header.cookie.phpsessid": "foobar",
        "http.request.header.cookie.sentrysid": "foobar",
        "http.request.header.cookie.session": "foobar",
        "http.request.header.cookie.sessionid": "foobar",
        "http.request.header.cookie.su": "foobar",
        "http.request.header.cookie.sudo": "foobar",
        "http.request.header.cookie.symfony": "foobar",
        "http.request.header.cookie.user_session": "foobar",
        "http.request.header.cookie.xsrf": "foobar",
        "http.request.header.cookie.xsrf-token": "[Filtered]",
        "http.request.header.cookie.xsrf_token": "[Filtered]"
      },
      "type": "trace"
    }
  },
  "spans": [
    {
      "data": {
        "http.request.header.cookie": "[Filtered]",
        "http.request.header.cookie.__session": "foobar",
        "http.request.header.cookie._csrf": "foobar",
        "http.request.header.cookie._iris_csrf": "foobar",
        "http.request.header.cookie._xsrf": "foobar",
        "http.request.header.cookie.csrf": "foobar",
        "http.request.header.cookie.csrf-token": "[Filtered]",
        "http.request.header.cookie.csrf_token": "[Filtered]",
        "http.request.header.cookie.fastcsrf": "foobar",
        "http.request.header.cookie.fasthttpsessionid": "foobar",
        "http.request.header.cookie.irissessionid": "foobar",
        "http.request.header.cookie.mysession": "foobar",
        "http.request.header.cookie.phpsessid": "foobar",
        "http.request.header.cookie.sentrysid": "foobar",
        "http.request.header.cookie.session": "foobar",
        "http.request.header.cookie.sessionid": "foobar",
        "http.request.header.cookie.su": "foobar",
        "http.request.header.cookie.sudo": "foobar",
        "http.request.header.cookie.symfony": "foobar",
        "http.request.header.cookie.user_session": "foobar",
        "http.request.header.cookie.xsrf": "foobar",
        "http.request.header.cookie.xsrf-token": "[Filtered]",
        "http.request.header.cookie.xsrf_token": "[Filtered]"
      }
    }
  ],
  "_meta": {
    "contexts": {
      "trace": {
        "data": {
          "http.request.header.cookie": {
            "": {
              "rem": [
                [
                  "@anything:filter",
                  "s",
                  0,
                  10
                ]
              ],
              "len": 14
            }
          },
          "http.request.header.cookie.csrf-token": {
            "": {
              "rem": [
                [
                  "@password:filter",
                  "s",
                  0,
                  10
                ]
              ],
              "len": 6
            }
          },
          "http.request.header.cookie.csrf_token": {
            "": {
              "rem": [
                [
                  "@password:filter",
                  "s",
                  0,
                  10
                ]
              ],
              "len": 6
            }
          },
          "http.request.header.cookie.xsrf-token": {
            "": {
              "rem": [
                [
                  "@password:filter",
                  "s",
                  0,
                  10
                ]
              ],
              "len": 6
            }
          },
          "http.request.header.cookie.xsrf_token": {
            "": {
              "rem": [
                [
                  "@password:filter",
                  "s",
                  0,
                  10
                ]
              ],
              "len": 6
            }
          }
        }
      }
    },
    "spans": {
      "0": {
        "data": {
          "http.request.header.cookie": {
            "": {
              "rem": [
                [
                  "@anything:filter",
                  "s",
                  0,
                  10
                ]
              ],
              "len": 14
            }
          },
          "http.request.header.cookie.csrf-token": {
            "": {
              "rem": [
                [
                  "@password:filter",
                  "s",
                  0,
                  10
                ]
              ],
              "len": 6
            }
          },
          "http.request.header.cookie.csrf_token": {
            "": {
              "rem": [
                [
                  "@password:filter",
                  "s",
                  0,
                  10
                ]
              ],
              "len": 6
            }
          },
          "http.request.header.cookie.xsrf-token": {
            "": {
              "rem": [
                [
                  "@password:filter",
                  "s",
                  0,
                  10
                ]
              ],
              "len": 6
            }
          },
          "http.request.header.cookie.xsrf_token": {
            "": {
              "rem": [
                [
                  "@password:filter",
                  "s",
                  0,
                  10
                ]
              ],
              "len": 6
            }
          }
        }
      }
    }
  }
}
