---
source: relay-pii/src/processor.rs
expression: event
---
{
  "logentry": {
    "formatted": "API request failed with Bearer [token] and other data"
  },
  "_meta": {
    "logentry": {
      "formatted": {
        "": {
          "rem": [
            [
              "@bearer:replace",
              "s",
              24,
              38
            ]
          ],
          "len": 63
        }
      }
    }
  }
}
