---
source: relay-server/src/metrics_extraction/spans/mod.rs
expression: event.value().unwrap().spans
---
[
    Span {
        timestamp: Timestamp(
            2020-08-21T02:18:22Z,
        ),
        start_timestamp: Timestamp(
            2020-08-21T02:18:20Z,
        ),
        exclusive_time: 2000.0,
        description: "<SomeUiRendering>",
        op: "UI.React.Render",
        span_id: SpanId(
            "bd429c44b67a3eb4",
        ),
        parent_span_id: SpanId(
            "8f5a2b8768cafb4e",
        ),
        trace_id: TraceId(
            "ff62a8b040f340bda5d830223def1d81",
        ),
        status: ~,
        tags: ~,
        origin: ~,
        data: {
            "environment": String(
                "fake_environment",
            ),
            "http.status_code": String(
                "500",
            ),
            "release": String(
                "1.2.3",
            ),
            "span.category": String(
                "ui.react",
            ),
            "span.op": String(
                "ui.react.render",
            ),
            "transaction": String(
                "gEt /api/:version/users/",
            ),
            "transaction.method": String(
                "POST",
            ),
            "transaction.op": String(
                "myop",
            ),
            "user": String(
                "id:user123",
            ),
        },
        other: {},
    },
    Span {
        timestamp: Timestamp(
            2020-08-21T02:18:22Z,
        ),
        start_timestamp: Timestamp(
            2020-08-21T02:18:20Z,
        ),
        exclusive_time: 2000.0,
        description: "GET http://domain.tld/hi",
        op: "http.client",
        span_id: SpanId(
            "bd429c44b67a3eb4",
        ),
        parent_span_id: SpanId(
            "8f5a2b8768cafb4e",
        ),
        trace_id: TraceId(
            "ff62a8b040f340bda5d830223def1d81",
        ),
        status: ~,
        tags: ~,
        origin: ~,
        data: {
            "description.scrubbed": String(
                "GET http://domain.tld",
            ),
            "environment": String(
                "fake_environment",
            ),
            "http.method": String(
                "GET",
            ),
            "http.status_code": String(
                "500",
            ),
            "release": String(
                "1.2.3",
            ),
            "span.action": String(
                "GET",
            ),
            "span.category": String(
                "http",
            ),
            "span.description": String(
                "GET http://domain.tld",
            ),
            "span.domain": String(
                "domain.tld",
            ),
            "span.group": String(
                "d9dc18637d441612",
            ),
            "span.module": String(
                "http",
            ),
            "span.op": String(
                "http.client",
            ),
            "transaction": String(
                "gEt /api/:version/users/",
            ),
            "transaction.method": String(
                "POST",
            ),
            "transaction.op": String(
                "myop",
            ),
            "user": String(
                "id:user123",
            ),
        },
        other: {},
    },
    Span {
        timestamp: Timestamp(
            2020-08-21T02:18:22Z,
        ),
        start_timestamp: Timestamp(
            2020-08-21T02:18:20Z,
        ),
        exclusive_time: 2000.0,
        description: "GET /hi/this/is/just/the/path",
        op: "http.client",
        span_id: SpanId(
            "bd429c44b67a3eb4",
        ),
        parent_span_id: SpanId(
            "8f5a2b8768cafb4e",
        ),
        trace_id: TraceId(
            "ff62a8b040f340bda5d830223def1d81",
        ),
        status: ~,
        tags: ~,
        origin: ~,
        data: {
            "description.scrubbed": String(
                "GET *",
            ),
            "environment": String(
                "fake_environment",
            ),
            "http.method": String(
                "GET",
            ),
            "http.status_code": String(
                "500",
            ),
            "release": String(
                "1.2.3",
            ),
            "span.action": String(
                "GET",
            ),
            "span.category": String(
                "http",
            ),
            "span.description": String(
                "GET *",
            ),
            "span.group": String(
                "37e3d9fab1ae9162",
            ),
            "span.module": String(
                "http",
            ),
            "span.op": String(
                "http.client",
            ),
            "transaction": String(
                "gEt /api/:version/users/",
            ),
            "transaction.method": String(
                "POST",
            ),
            "transaction.op": String(
                "myop",
            ),
            "user": String(
                "id:user123",
            ),
        },
        other: {},
    },
    Span {
        timestamp: Timestamp(
            2020-08-21T02:18:22Z,
        ),
        start_timestamp: Timestamp(
            2020-08-21T02:18:20Z,
        ),
        exclusive_time: 2000.0,
        description: "POST http://127.0.0.1:1234/api/hi",
        op: "http.client",
        span_id: SpanId(
            "bd2eb23da2beb459",
        ),
        parent_span_id: SpanId(
            "8f5a2b8768cafb4e",
        ),
        trace_id: TraceId(
            "ff62a8b040f340bda5d830223def1d81",
        ),
        status: Ok,
        tags: ~,
        origin: ~,
        data: {
            "description.scrubbed": String(
                "POST http://127.0.0.1:1234",
            ),
            "environment": String(
                "fake_environment",
            ),
            "http.method": String(
                "PoSt",
            ),
            "http.status_code": String(
                "500",
            ),
            "release": String(
                "1.2.3",
            ),
            "span.action": String(
                "POST",
            ),
            "span.category": String(
                "http",
            ),
            "span.description": String(
                "POST http://127.0.0.1:1234",
            ),
            "span.group": String(
                "464fe695f9cf639c",
            ),
            "span.module": String(
                "http",
            ),
            "span.op": String(
                "http.client",
            ),
            "span.status": String(
                "ok",
            ),
            "span.status_code": String(
                "200",
            ),
            "status_code": String(
                "200",
            ),
            "transaction": String(
                "gEt /api/:version/users/",
            ),
            "transaction.method": String(
                "POST",
            ),
            "transaction.op": String(
                "myop",
            ),
            "user": String(
                "id:user123",
            ),
        },
        other: {},
    },
    Span {
        timestamp: Timestamp(
            2020-08-21T02:18:22Z,
        ),
        start_timestamp: Timestamp(
            2020-08-21T02:18:20Z,
        ),
        exclusive_time: 2000.0,
        description: "POST http://sth.subdomain.domain.tld:1234/api/hi",
        op: "http.client",
        span_id: SpanId(
            "bd2eb23da2beb459",
        ),
        parent_span_id: SpanId(
            "8f5a2b8768cafb4e",
        ),
        trace_id: TraceId(
            "ff62a8b040f340bda5d830223def1d81",
        ),
        status: Ok,
        tags: ~,
        origin: ~,
        data: {
            "description.scrubbed": String(
                "POST http://*.domain.tld:1234",
            ),
            "environment": String(
                "fake_environment",
            ),
            "http.method": String(
                "PoSt",
            ),
            "http.status_code": String(
                "500",
            ),
            "release": String(
                "1.2.3",
            ),
            "span.action": String(
                "POST",
            ),
            "span.category": String(
                "http",
            ),
            "span.description": String(
                "POST http://*.domain.tld:1234",
            ),
            "span.domain": String(
                "*.domain.tld:1234",
            ),
            "span.group": String(
                "86818d1c74ecfc66",
            ),
            "span.module": String(
                "http",
            ),
            "span.op": String(
                "http.client",
            ),
            "span.status": String(
                "ok",
            ),
            "span.status_code": String(
                "200",
            ),
            "status_code": String(
                "200",
            ),
            "transaction": String(
                "gEt /api/:version/users/",
            ),
            "transaction.method": String(
                "POST",
            ),
            "transaction.op": String(
                "myop",
            ),
            "user": String(
                "id:user123",
            ),
        },
        other: {},
    },
    Span {
        timestamp: Timestamp(
            2020-08-21T02:18:22Z,
        ),
        start_timestamp: Timestamp(
            2020-08-21T02:18:20Z,
        ),
        exclusive_time: 2000.0,
        description: "POST http://targetdomain.tld:1234/api/hi",
        op: "http.client",
        span_id: SpanId(
            "bd2eb23da2beb459",
        ),
        parent_span_id: SpanId(
            "8f5a2b8768cafb4e",
        ),
        trace_id: TraceId(
            "ff62a8b040f340bda5d830223def1d81",
        ),
        status: Ok,
        tags: ~,
        origin: ~,
        data: {
            "description.scrubbed": String(
                "POST http://targetdomain.tld:1234",
            ),
            "environment": String(
                "fake_environment",
            ),
            "http.method": String(
                "POST",
            ),
            "http.status_code": String(
                "500",
            ),
            "release": String(
                "1.2.3",
            ),
            "span.action": String(
                "POST",
            ),
            "span.category": String(
                "http",
            ),
            "span.description": String(
                "POST http://targetdomain.tld:1234",
            ),
            "span.domain": String(
                "targetdomain.tld:1234",
            ),
            "span.group": String(
                "72ab88b506cb04b2",
            ),
            "span.module": String(
                "http",
            ),
            "span.op": String(
                "http.client",
            ),
            "span.status": String(
                "ok",
            ),
            "span.status_code": String(
                "200",
            ),
            "status_code": String(
                "200",
            ),
            "transaction": String(
                "gEt /api/:version/users/",
            ),
            "transaction.method": String(
                "POST",
            ),
            "transaction.op": String(
                "myop",
            ),
            "user": String(
                "id:user123",
            ),
        },
        other: {},
    },
    Span {
        timestamp: Timestamp(
            2020-08-21T02:18:22Z,
        ),
        start_timestamp: Timestamp(
            2020-08-21T02:18:20Z,
        ),
        exclusive_time: 2000.0,
        description: "POST http://targetdomain:1234/api/id/0987654321",
        op: "http.client",
        span_id: SpanId(
            "bd2eb23da2beb459",
        ),
        parent_span_id: SpanId(
            "8f5a2b8768cafb4e",
        ),
        trace_id: TraceId(
            "ff62a8b040f340bda5d830223def1d81",
        ),
        status: Ok,
        tags: ~,
        origin: ~,
        data: {
            "description.scrubbed": String(
                "POST http://targetdomain:1234",
            ),
            "environment": String(
                "fake_environment",
            ),
            "http.method": String(
                "POST",
            ),
            "http.status_code": String(
                "500",
            ),
            "release": String(
                "1.2.3",
            ),
            "span.action": String(
                "POST",
            ),
            "span.category": String(
                "http",
            ),
            "span.description": String(
                "POST http://targetdomain:1234",
            ),
            "span.domain": String(
                "targetdomain:1234",
            ),
            "span.group": String(
                "c8e531abe96ff360",
            ),
            "span.module": String(
                "http",
            ),
            "span.op": String(
                "http.client",
            ),
            "span.status": String(
                "ok",
            ),
            "span.status_code": String(
                "200",
            ),
            "status_code": String(
                "200",
            ),
            "transaction": String(
                "gEt /api/:version/users/",
            ),
            "transaction.method": String(
                "POST",
            ),
            "transaction.op": String(
                "myop",
            ),
            "user": String(
                "id:user123",
            ),
        },
        other: {},
    },
    Span {
        timestamp: Timestamp(
            2020-08-21T02:18:22Z,
        ),
        start_timestamp: Timestamp(
            2020-08-21T02:18:20Z,
        ),
        exclusive_time: 2000.0,
        description: "POST http://sth.subdomain.domain.tld:1234/api/hi",
        op: "http.client",
        span_id: SpanId(
            "bd2eb23da2beb459",
        ),
        parent_span_id: SpanId(
            "8f5a2b8768cafb4e",
        ),
        trace_id: TraceId(
            "ff62a8b040f340bda5d830223def1d81",
        ),
        status: Ok,
        tags: {
            "http.status_code": JsonLenientString(
                "200",
            ),
        },
        origin: ~,
        data: {
            "description.scrubbed": String(
                "POST http://*.domain.tld:1234",
            ),
            "environment": String(
                "fake_environment",
            ),
            "http.method": String(
                "POST",
            ),
            "http.status_code": String(
                "500",
            ),
            "release": String(
                "1.2.3",
            ),
            "span.action": String(
                "POST",
            ),
            "span.category": String(
                "http",
            ),
            "span.description": String(
                "POST http://*.domain.tld:1234",
            ),
            "span.domain": String(
                "*.domain.tld:1234",
            ),
            "span.group": String(
                "86818d1c74ecfc66",
            ),
            "span.module": String(
                "http",
            ),
            "span.op": String(
                "http.client",
            ),
            "span.status": String(
                "ok",
            ),
            "span.status_code": String(
                "200",
            ),
            "transaction": String(
                "gEt /api/:version/users/",
            ),
            "transaction.method": String(
                "POST",
            ),
            "transaction.op": String(
                "myop",
            ),
            "user": String(
                "id:user123",
            ),
        },
        other: {},
    },
    Span {
        timestamp: Timestamp(
            2020-08-21T02:18:22Z,
        ),
        start_timestamp: Timestamp(
            2020-08-21T02:18:20Z,
        ),
        exclusive_time: 2000.0,
        description: "POST http://sth.subdomain.domain.tld:1234/api/hi",
        op: "http.client",
        span_id: SpanId(
            "bd2eb23da2beb459",
        ),
        parent_span_id: SpanId(
            "8f5a2b8768cafb4e",
        ),
        trace_id: TraceId(
            "ff62a8b040f340bda5d830223def1d81",
        ),
        status: Ok,
        tags: {
            "http.status_code": JsonLenientString(
                "200",
            ),
        },
        origin: ~,
        data: {
            "description.scrubbed": String(
                "POST http://*.domain.tld:1234",
            ),
            "environment": String(
                "fake_environment",
            ),
            "http.method": String(
                "POST",
            ),
            "http.status_code": String(
                "500",
            ),
            "release": String(
                "1.2.3",
            ),
            "span.action": String(
                "POST",
            ),
            "span.category": String(
                "http",
            ),
            "span.description": String(
                "POST http://*.domain.tld:1234",
            ),
            "span.domain": String(
                "*.domain.tld:1234",
            ),
            "span.group": String(
                "86818d1c74ecfc66",
            ),
            "span.module": String(
                "http",
            ),
            "span.op": String(
                "http.client",
            ),
            "span.status": String(
                "ok",
            ),
            "span.status_code": String(
                "200",
            ),
            "status_code": String(
                "200",
            ),
            "transaction": String(
                "gEt /api/:version/users/",
            ),
            "transaction.method": String(
                "POST",
            ),
            "transaction.op": String(
                "myop",
            ),
            "user": String(
                "id:user123",
            ),
        },
        other: {},
    },
    Span {
        timestamp: Timestamp(
            2020-08-21T02:18:22Z,
        ),
        start_timestamp: Timestamp(
            2020-08-21T02:18:20Z,
        ),
        exclusive_time: 2000.0,
        description: "SeLeCt column FROM tAbLe WHERE id IN (1, 2, 3)",
        op: "db.sql.query",
        span_id: SpanId(
            "bb7af8b99e95af5f",
        ),
        parent_span_id: SpanId(
            "8f5a2b8768cafb4e",
        ),
        trace_id: TraceId(
            "ff62a8b040f340bda5d830223def1d81",
        ),
        status: Ok,
        tags: ~,
        origin: ~,
        data: {
            "db.operation": String(
                "SELECT",
            ),
            "db.system": String(
                "MyDatabase",
            ),
            "description.scrubbed": String(
                "SeLeCt column FROM tAbLe WHERE id IN (%s)",
            ),
            "environment": String(
                "fake_environment",
            ),
            "http.status_code": String(
                "500",
            ),
            "release": String(
                "1.2.3",
            ),
            "span.action": String(
                "SELECT",
            ),
            "span.category": String(
                "db",
            ),
            "span.description": String(
                "SeLeCt column FROM tAbLe WHERE id IN (%s)",
            ),
            "span.domain": String(
                "table",
            ),
            "span.group": String(
                "f4a7fef06db3d88e",
            ),
            "span.module": String(
                "db",
            ),
            "span.op": String(
                "db.sql.query",
            ),
            "span.status": String(
                "ok",
            ),
            "span.system": String(
                "mydatabase",
            ),
            "transaction": String(
                "gEt /api/:version/users/",
            ),
            "transaction.method": String(
                "POST",
            ),
            "transaction.op": String(
                "myop",
            ),
            "user": String(
                "id:user123",
            ),
        },
        other: {},
    },
    Span {
        timestamp: Timestamp(
            2020-08-21T02:18:22Z,
        ),
        start_timestamp: Timestamp(
            2020-08-21T02:18:20Z,
        ),
        exclusive_time: 2000.0,
        description: "select column FROM table WHERE id IN (1, 2, 3)",
        op: "db",
        span_id: SpanId(
            "bb7af8b99e95af5f",
        ),
        parent_span_id: SpanId(
            "8f5a2b8768cafb4e",
        ),
        trace_id: TraceId(
            "ff62a8b040f340bda5d830223def1d81",
        ),
        status: Ok,
        tags: ~,
        origin: ~,
        data: {
            "description.scrubbed": String(
                "select column FROM table WHERE id IN (%s)",
            ),
            "environment": String(
                "fake_environment",
            ),
            "http.status_code": String(
                "500",
            ),
            "release": String(
                "1.2.3",
            ),
            "span.action": String(
                "SELECT",
            ),
            "span.category": String(
                "db",
            ),
            "span.description": String(
                "select column FROM table WHERE id IN (%s)",
            ),
            "span.domain": String(
                "table",
            ),
            "span.group": String(
                "4f9711d2d09963b9",
            ),
            "span.module": String(
                "db",
            ),
            "span.op": String(
                "db",
            ),
            "span.status": String(
                "ok",
            ),
            "transaction": String(
                "gEt /api/:version/users/",
            ),
            "transaction.method": String(
                "POST",
            ),
            "transaction.op": String(
                "myop",
            ),
            "user": String(
                "id:user123",
            ),
        },
        other: {},
    },
    Span {
        timestamp: Timestamp(
            2020-08-21T02:18:22Z,
        ),
        start_timestamp: Timestamp(
            2020-08-21T02:18:20Z,
        ),
        exclusive_time: 2000.0,
        description: "INSERT INTO table (col) VALUES (val)",
        op: "db.sql.query",
        span_id: SpanId(
            "bb7af8b99e95af5f",
        ),
        parent_span_id: SpanId(
            "8f5a2b8768cafb4e",
        ),
        trace_id: TraceId(
            "ff62a8b040f340bda5d830223def1d81",
        ),
        status: Ok,
        tags: ~,
        origin: ~,
        data: {
            "db.operation": String(
                "INSERT",
            ),
            "db.system": String(
                "MyDatabase",
            ),
            "environment": String(
                "fake_environment",
            ),
            "http.status_code": String(
                "500",
            ),
            "release": String(
                "1.2.3",
            ),
            "span.action": String(
                "INSERT",
            ),
            "span.category": String(
                "db",
            ),
            "span.domain": String(
                "table",
            ),
            "span.module": String(
                "db",
            ),
            "span.op": String(
                "db.sql.query",
            ),
            "span.status": String(
                "ok",
            ),
            "span.system": String(
                "mydatabase",
            ),
            "transaction": String(
                "gEt /api/:version/users/",
            ),
            "transaction.method": String(
                "POST",
            ),
            "transaction.op": String(
                "myop",
            ),
            "user": String(
                "id:user123",
            ),
        },
        other: {},
    },
    Span {
        timestamp: Timestamp(
            2020-08-21T02:18:22Z,
        ),
        start_timestamp: Timestamp(
            2020-08-21T02:18:20Z,
        ),
        exclusive_time: 2000.0,
        description: "INSERT INTO from_date (col) VALUES (val)",
        op: "db.sql.query",
        span_id: SpanId(
            "bb7af8b99e95af5f",
        ),
        parent_span_id: SpanId(
            "8f5a2b8768cafb4e",
        ),
        trace_id: TraceId(
            "ff62a8b040f340bda5d830223def1d81",
        ),
        status: Ok,
        tags: ~,
        origin: ~,
        data: {
            "db.operation": String(
                "INSERT",
            ),
            "db.system": String(
                "MyDatabase",
            ),
            "environment": String(
                "fake_environment",
            ),
            "http.status_code": String(
                "500",
            ),
            "release": String(
                "1.2.3",
            ),
            "span.action": String(
                "INSERT",
            ),
            "span.category": String(
                "db",
            ),
            "span.domain": String(
                "from_date",
            ),
            "span.module": String(
                "db",
            ),
            "span.op": String(
                "db.sql.query",
            ),
            "span.status": String(
                "ok",
            ),
            "span.system": String(
                "mydatabase",
            ),
            "transaction": String(
                "gEt /api/:version/users/",
            ),
            "transaction.method": String(
                "POST",
            ),
            "transaction.op": String(
                "myop",
            ),
            "user": String(
                "id:user123",
            ),
        },
        other: {},
    },
    Span {
        timestamp: Timestamp(
            2020-08-21T02:18:22Z,
        ),
        start_timestamp: Timestamp(
            2020-08-21T02:18:20Z,
        ),
        exclusive_time: 2000.0,
        description: "INSERT INTO table (col) VALUES (val)",
        op: "db",
        span_id: SpanId(
            "bb7af8b99e95af5f",
        ),
        parent_span_id: SpanId(
            "8f5a2b8768cafb4e",
        ),
        trace_id: TraceId(
            "ff62a8b040f340bda5d830223def1d81",
        ),
        status: Ok,
        tags: ~,
        origin: ~,
        data: {
            "environment": String(
                "fake_environment",
            ),
            "http.status_code": String(
                "500",
            ),
            "release": String(
                "1.2.3",
            ),
            "span.action": String(
                "INSERT",
            ),
            "span.category": String(
                "db",
            ),
            "span.domain": String(
                "table",
            ),
            "span.module": String(
                "db",
            ),
            "span.op": String(
                "db",
            ),
            "span.status": String(
                "ok",
            ),
            "transaction": String(
                "gEt /api/:version/users/",
            ),
            "transaction.method": String(
                "POST",
            ),
            "transaction.op": String(
                "myop",
            ),
            "user": String(
                "id:user123",
            ),
        },
        other: {},
    },
    Span {
        timestamp: Timestamp(
            2020-08-21T02:18:22Z,
        ),
        start_timestamp: Timestamp(
            2020-08-21T02:18:20Z,
        ),
        exclusive_time: 2000.0,
        description: "SELECT\n*\nFROM\ntable\nWHERE\nid\nIN\n(val)",
        op: "db.sql.query",
        span_id: SpanId(
            "bb7af8b99e95af5f",
        ),
        parent_span_id: SpanId(
            "8f5a2b8768cafb4e",
        ),
        trace_id: TraceId(
            "ff62a8b040f340bda5d830223def1d81",
        ),
        status: Ok,
        tags: ~,
        origin: ~,
        data: {
            "db.operation": String(
                "SELECT",
            ),
            "db.system": String(
                "MyDatabase",
            ),
            "description.scrubbed": String(
                "SELECT * FROM table WHERE id IN (val)",
            ),
            "environment": String(
                "fake_environment",
            ),
            "http.status_code": String(
                "500",
            ),
            "release": String(
                "1.2.3",
            ),
            "span.action": String(
                "SELECT",
            ),
            "span.category": String(
                "db",
            ),
            "span.description": String(
                "SELECT * FROM table WHERE id IN (val)",
            ),
            "span.domain": String(
                "table",
            ),
            "span.group": String(
                "03cb381cee3f1463",
            ),
            "span.module": String(
                "db",
            ),
            "span.op": String(
                "db.sql.query",
            ),
            "span.status": String(
                "ok",
            ),
            "span.system": String(
                "mydatabase",
            ),
            "transaction": String(
                "gEt /api/:version/users/",
            ),
            "transaction.method": String(
                "POST",
            ),
            "transaction.op": String(
                "myop",
            ),
            "user": String(
                "id:user123",
            ),
        },
        other: {},
    },
    Span {
        timestamp: Timestamp(
            2020-08-21T02:18:22Z,
        ),
        start_timestamp: Timestamp(
            2020-08-21T02:18:20Z,
        ),
        exclusive_time: 2000.0,
        description: "SELECT \"table\".\"col\" FROM \"table\" WHERE \"table\".\"col\" = %s",
        op: "db",
        span_id: SpanId(
            "bb7af8b99e95af5f",
        ),
        parent_span_id: SpanId(
            "8f5a2b8768cafb4e",
        ),
        trace_id: TraceId(
            "ff62a8b040f340bda5d830223def1d81",
        ),
        status: Ok,
        tags: ~,
        origin: ~,
        data: {
            "db.operation": String(
                "SELECT",
            ),
            "db.system": String(
                "MyDatabase",
            ),
            "description.scrubbed": String(
                "SELECT col FROM table WHERE col = %s",
            ),
            "environment": String(
                "fake_environment",
            ),
            "http.status_code": String(
                "500",
            ),
            "release": String(
                "1.2.3",
            ),
            "span.action": String(
                "SELECT",
            ),
            "span.category": String(
                "db",
            ),
            "span.description": String(
                "SELECT col FROM table WHERE col = %s",
            ),
            "span.domain": String(
                "table",
            ),
            "span.group": String(
                "e0f7e81a59b030ba",
            ),
            "span.module": String(
                "db",
            ),
            "span.op": String(
                "db",
            ),
            "span.status": String(
                "ok",
            ),
            "span.system": String(
                "mydatabase",
            ),
            "transaction": String(
                "gEt /api/:version/users/",
            ),
            "transaction.method": String(
                "POST",
            ),
            "transaction.op": String(
                "myop",
            ),
            "user": String(
                "id:user123",
            ),
        },
        other: {},
    },
    Span {
        timestamp: Timestamp(
            2020-08-21T02:18:22Z,
        ),
        start_timestamp: Timestamp(
            2020-08-21T02:18:20Z,
        ),
        exclusive_time: 2000.0,
        description: "DELETE FROM table WHERE conditions",
        op: "db",
        span_id: SpanId(
            "bb7af8b99e95af5f",
        ),
        parent_span_id: SpanId(
            "8f5a2b8768cafb4e",
        ),
        trace_id: TraceId(
            "ff62a8b040f340bda5d830223def1d81",
        ),
        status: Ok,
        tags: ~,
        origin: ~,
        data: {
            "db.system": String(
                "MyDatabase",
            ),
            "environment": String(
                "fake_environment",
            ),
            "http.status_code": String(
                "500",
            ),
            "release": String(
                "1.2.3",
            ),
            "span.action": String(
                "DELETE",
            ),
            "span.category": String(
                "db",
            ),
            "span.domain": String(
                "table",
            ),
            "span.module": String(
                "db",
            ),
            "span.op": String(
                "db",
            ),
            "span.status": String(
                "ok",
            ),
            "span.system": String(
                "mydatabase",
            ),
            "transaction": String(
                "gEt /api/:version/users/",
            ),
            "transaction.method": String(
                "POST",
            ),
            "transaction.op": String(
                "myop",
            ),
            "user": String(
                "id:user123",
            ),
        },
        other: {},
    },
    Span {
        timestamp: Timestamp(
            2020-08-21T02:18:22Z,
        ),
        start_timestamp: Timestamp(
            2020-08-21T02:18:20Z,
        ),
        exclusive_time: 2000.0,
        description: "UPDATE table WHERE conditions",
        op: "db",
        span_id: SpanId(
            "bb7af8b99e95af5f",
        ),
        parent_span_id: SpanId(
            "8f5a2b8768cafb4e",
        ),
        trace_id: TraceId(
            "ff62a8b040f340bda5d830223def1d81",
        ),
        status: Ok,
        tags: ~,
        origin: ~,
        data: {
            "db.system": String(
                "MyDatabase",
            ),
            "environment": String(
                "fake_environment",
            ),
            "http.status_code": String(
                "500",
            ),
            "release": String(
                "1.2.3",
            ),
            "span.action": String(
                "UPDATE",
            ),
            "span.category": String(
                "db",
            ),
            "span.domain": String(
                "table",
            ),
            "span.module": String(
                "db",
            ),
            "span.op": String(
                "db",
            ),
            "span.status": String(
                "ok",
            ),
            "span.system": String(
                "mydatabase",
            ),
            "transaction": String(
                "gEt /api/:version/users/",
            ),
            "transaction.method": String(
                "POST",
            ),
            "transaction.op": String(
                "myop",
            ),
            "user": String(
                "id:user123",
            ),
        },
        other: {},
    },
    Span {
        timestamp: Timestamp(
            2020-08-21T02:18:22Z,
        ),
        start_timestamp: Timestamp(
            2020-08-21T02:18:20Z,
        ),
        exclusive_time: 2000.0,
        description: "SAVEPOINT save_this_one",
        op: "db",
        span_id: SpanId(
            "bb7af8b99e95af5f",
        ),
        parent_span_id: SpanId(
            "8f5a2b8768cafb4e",
        ),
        trace_id: TraceId(
            "ff62a8b040f340bda5d830223def1d81",
        ),
        status: Ok,
        tags: ~,
        origin: ~,
        data: {
            "db.system": String(
                "MyDatabase",
            ),
            "description.scrubbed": String(
                "SAVEPOINT %s",
            ),
            "environment": String(
                "fake_environment",
            ),
            "http.status_code": String(
                "500",
            ),
            "release": String(
                "1.2.3",
            ),
            "span.action": String(
                "SAVEPOINT",
            ),
            "span.category": String(
                "db",
            ),
            "span.description": String(
                "SAVEPOINT %s",
            ),
            "span.group": String(
                "3f955cbde39e04b9",
            ),
            "span.module": String(
                "db",
            ),
            "span.op": String(
                "db",
            ),
            "span.status": String(
                "ok",
            ),
            "span.system": String(
                "mydatabase",
            ),
            "transaction": String(
                "gEt /api/:version/users/",
            ),
            "transaction.method": String(
                "POST",
            ),
            "transaction.op": String(
                "myop",
            ),
            "user": String(
                "id:user123",
            ),
        },
        other: {},
    },
    Span {
        timestamp: Timestamp(
            2020-08-21T02:18:22Z,
        ),
        start_timestamp: Timestamp(
            2020-08-21T02:18:20Z,
        ),
        exclusive_time: 2000.0,
        description: "GET cache:user:{123}",
        op: "cache.get_item",
        span_id: SpanId(
            "bb7af8b99e95af5f",
        ),
        parent_span_id: SpanId(
            "8f5a2b8768cafb4e",
        ),
        trace_id: TraceId(
            "ff62a8b040f340bda5d830223def1d81",
        ),
        status: Ok,
        tags: ~,
        origin: ~,
        data: {
            "cache.hit": Bool(
                false,
            ),
            "description.scrubbed": String(
                "GET *",
            ),
            "environment": String(
                "fake_environment",
            ),
            "http.status_code": String(
                "500",
            ),
            "release": String(
                "1.2.3",
            ),
            "span.category": String(
                "cache",
            ),
            "span.description": String(
                "GET *",
            ),
            "span.group": String(
                "37e3d9fab1ae9162",
            ),
            "span.module": String(
                "cache",
            ),
            "span.op": String(
                "cache.get_item",
            ),
            "span.status": String(
                "ok",
            ),
            "transaction": String(
                "gEt /api/:version/users/",
            ),
            "transaction.method": String(
                "POST",
            ),
            "transaction.op": String(
                "myop",
            ),
            "user": String(
                "id:user123",
            ),
        },
        other: {},
    },
    Span {
        timestamp: Timestamp(
            2020-08-21T02:18:22Z,
        ),
        start_timestamp: Timestamp(
            2020-08-21T02:18:20Z,
        ),
        exclusive_time: 2000.0,
        description: "GET test:123:def",
        op: "db.redis",
        span_id: SpanId(
            "bb7af8b99e95af5f",
        ),
        parent_span_id: SpanId(
            "8f5a2b8768cafb4e",
        ),
        trace_id: TraceId(
            "ff62a8b040f340bda5d830223def1d81",
        ),
        status: Ok,
        tags: ~,
        origin: ~,
        data: {
            "description.scrubbed": String(
                "GET *",
            ),
            "environment": String(
                "fake_environment",
            ),
            "http.status_code": String(
                "500",
            ),
            "release": String(
                "1.2.3",
            ),
            "span.action": String(
                "GET",
            ),
            "span.category": String(
                "db",
            ),
            "span.description": String(
                "GET *",
            ),
            "span.group": String(
                "37e3d9fab1ae9162",
            ),
            "span.module": String(
                "db",
            ),
            "span.op": String(
                "db.redis",
            ),
            "span.status": String(
                "ok",
            ),
            "transaction": String(
                "gEt /api/:version/users/",
            ),
            "transaction.method": String(
                "POST",
            ),
            "transaction.op": String(
                "myop",
            ),
            "user": String(
                "id:user123",
            ),
        },
        other: {},
    },
    Span {
        timestamp: Timestamp(
            2020-08-21T02:18:22Z,
        ),
        start_timestamp: Timestamp(
            2020-08-21T02:18:20Z,
        ),
        exclusive_time: 2000.0,
        description: "GET lkjasdlkasjdlasjdlkasjdlkasjd",
        op: "db.redis",
        span_id: SpanId(
            "bb7af8b99e95af5f",
        ),
        parent_span_id: SpanId(
            "8f5a2b8768cafb4e",
        ),
        trace_id: TraceId(
            "ff62a8b040f340bda5d830223def1d81",
        ),
        status: Ok,
        tags: ~,
        origin: ~,
        data: {
            "description.scrubbed": String(
                "GET *",
            ),
            "environment": String(
                "fake_environment",
            ),
            "http.status_code": String(
                "500",
            ),
            "release": String(
                "1.2.3",
            ),
            "span.action": String(
                "GET",
            ),
            "span.category": String(
                "db",
            ),
            "span.description": String(
                "GET *",
            ),
            "span.group": String(
                "37e3d9fab1ae9162",
            ),
            "span.module": String(
                "db",
            ),
            "span.op": String(
                "db.redis",
            ),
            "span.status": String(
                "ok",
            ),
            "transaction": String(
                "gEt /api/:version/users/",
            ),
            "transaction.method": String(
                "POST",
            ),
            "transaction.op": String(
                "myop",
            ),
            "user": String(
                "id:user123",
            ),
        },
        other: {},
    },
    Span {
        timestamp: Timestamp(
            2020-08-21T02:18:22Z,
        ),
        start_timestamp: Timestamp(
            2020-08-21T02:18:20Z,
        ),
        exclusive_time: 2000.0,
        description: "SET 'aaa:bbb:123:zzz' '{\"from json\": \"no\"}'",
        op: "db.redis",
        span_id: SpanId(
            "bb7af8b99e95af5f",
        ),
        parent_span_id: SpanId(
            "8f5a2b8768cafb4e",
        ),
        trace_id: TraceId(
            "ff62a8b040f340bda5d830223def1d81",
        ),
        status: Ok,
        tags: ~,
        origin: ~,
        data: {
            "description.scrubbed": String(
                "SET *",
            ),
            "environment": String(
                "fake_environment",
            ),
            "http.status_code": String(
                "500",
            ),
            "release": String(
                "1.2.3",
            ),
            "span.action": String(
                "SET",
            ),
            "span.category": String(
                "db",
            ),
            "span.description": String(
                "SET *",
            ),
            "span.group": String(
                "46b2cac4b418f556",
            ),
            "span.module": String(
                "db",
            ),
            "span.op": String(
                "db.redis",
            ),
            "span.status": String(
                "ok",
            ),
            "transaction": String(
                "gEt /api/:version/users/",
            ),
            "transaction.method": String(
                "POST",
            ),
            "transaction.op": String(
                "myop",
            ),
            "user": String(
                "id:user123",
            ),
        },
        other: {},
    },
    Span {
        timestamp: Timestamp(
            2020-08-21T02:18:22Z,
        ),
        start_timestamp: Timestamp(
            2020-08-21T02:18:20Z,
        ),
        exclusive_time: 2000.0,
        description: "http://domain/static/myscript-v1.9.23.js",
        op: "resource.script",
        span_id: SpanId(
            "bb7af8b99e95af5f",
        ),
        parent_span_id: SpanId(
            "8f5a2b8768cafb4e",
        ),
        trace_id: TraceId(
            "ff62a8b040f340bda5d830223def1d81",
        ),
        status: Ok,
        tags: ~,
        origin: ~,
        data: {
            "description.scrubbed": String(
                "http://domain/static/myscript-*.js",
            ),
            "environment": String(
                "fake_environment",
            ),
            "http.status_code": String(
                "500",
            ),
            "release": String(
                "1.2.3",
            ),
            "span.category": String(
                "resource",
            ),
            "span.description": String(
                "http://domain/static/myscript-*.js",
            ),
            "span.group": String(
                "022f81fdf31228bf",
            ),
            "span.op": String(
                "resource.script",
            ),
            "span.status": String(
                "ok",
            ),
            "transaction": String(
                "gEt /api/:version/users/",
            ),
            "transaction.method": String(
                "POST",
            ),
            "transaction.op": String(
                "myop",
            ),
            "user": String(
                "id:user123",
            ),
        },
        other: {},
    },
]
