---
source: relay-server/src/metrics_extraction/spans/mod.rs
expression: metrics
---
[
    Metric {
        name: "s:spans/user@none",
        value: Set(
            933084975,
        ),
        timestamp: UnixTimestamp(1619420400),
        tags: {
            "environment": "fake_environment",
            "http.status_code": "200",
            "span.category": "ui.react",
            "span.description": "<unparameterized>",
            "span.group": "94fcd4fe8f1cfe99",
            "span.op": "ui.react.render",
            "transaction": "gEt /api/:version/users/",
            "transaction.method": "POST",
            "transaction.op": "myop",
        },
    },
    Metric {
        name: "d:spans/exclusive_time@millisecond",
        value: Distribution(
            2000.0,
        ),
        timestamp: UnixTimestamp(1619420400),
        tags: {
            "environment": "fake_environment",
            "http.status_code": "200",
            "span.category": "ui.react",
            "span.description": "<unparameterized>",
            "span.group": "94fcd4fe8f1cfe99",
            "span.op": "ui.react.render",
            "transaction": "gEt /api/:version/users/",
            "transaction.method": "POST",
            "transaction.op": "myop",
        },
    },
    Metric {
        name: "d:spans/duration@millisecond",
        value: Distribution(
            2000.0,
        ),
        timestamp: UnixTimestamp(1619420400),
        tags: {
            "environment": "fake_environment",
            "http.status_code": "200",
            "span.category": "ui.react",
            "span.description": "<unparameterized>",
            "span.group": "94fcd4fe8f1cfe99",
            "span.op": "ui.react.render",
            "transaction": "gEt /api/:version/users/",
            "transaction.method": "POST",
            "transaction.op": "myop",
        },
    },
    Metric {
        name: "s:spans/user@none",
        value: Set(
            933084975,
        ),
        timestamp: UnixTimestamp(1619420400),
        tags: {
            "environment": "fake_environment",
            "http.status_code": "200",
            "span.action": "GET",
            "span.category": "http",
            "span.description": "GET domain.tld/<unparameterized>",
            "span.domain": "domain.tld",
            "span.group": "acf25aaa6550d863",
            "span.module": "http",
            "span.op": "http.client",
            "transaction": "gEt /api/:version/users/",
            "transaction.method": "POST",
            "transaction.op": "myop",
        },
    },
    Metric {
        name: "d:spans/exclusive_time@millisecond",
        value: Distribution(
            2000.0,
        ),
        timestamp: UnixTimestamp(1619420400),
        tags: {
            "environment": "fake_environment",
            "http.status_code": "200",
            "span.action": "GET",
            "span.category": "http",
            "span.description": "GET domain.tld/<unparameterized>",
            "span.domain": "domain.tld",
            "span.group": "acf25aaa6550d863",
            "span.module": "http",
            "span.op": "http.client",
            "transaction": "gEt /api/:version/users/",
            "transaction.method": "POST",
            "transaction.op": "myop",
        },
    },
    Metric {
        name: "d:spans/duration@millisecond",
        value: Distribution(
            2000.0,
        ),
        timestamp: UnixTimestamp(1619420400),
        tags: {
            "environment": "fake_environment",
            "http.status_code": "200",
            "span.action": "GET",
            "span.category": "http",
            "span.description": "GET domain.tld/<unparameterized>",
            "span.domain": "domain.tld",
            "span.group": "acf25aaa6550d863",
            "span.module": "http",
            "span.op": "http.client",
            "transaction": "gEt /api/:version/users/",
            "transaction.method": "POST",
            "transaction.op": "myop",
        },
    },
    Metric {
        name: "s:spans/user@none",
        value: Set(
            933084975,
        ),
        timestamp: UnixTimestamp(1619420400),
        tags: {
            "environment": "fake_environment",
            "http.status_code": "200",
            "span.action": "GET",
            "span.category": "http",
            "span.description": "GET <unparameterized>",
            "span.group": "90a40ce658beb0dd",
            "span.module": "http",
            "span.op": "http.client",
            "transaction": "gEt /api/:version/users/",
            "transaction.method": "POST",
            "transaction.op": "myop",
        },
    },
    Metric {
        name: "d:spans/exclusive_time@millisecond",
        value: Distribution(
            2000.0,
        ),
        timestamp: UnixTimestamp(1619420400),
        tags: {
            "environment": "fake_environment",
            "http.status_code": "200",
            "span.action": "GET",
            "span.category": "http",
            "span.description": "GET <unparameterized>",
            "span.group": "90a40ce658beb0dd",
            "span.module": "http",
            "span.op": "http.client",
            "transaction": "gEt /api/:version/users/",
            "transaction.method": "POST",
            "transaction.op": "myop",
        },
    },
    Metric {
        name: "d:spans/duration@millisecond",
        value: Distribution(
            2000.0,
        ),
        timestamp: UnixTimestamp(1619420400),
        tags: {
            "environment": "fake_environment",
            "http.status_code": "200",
            "span.action": "GET",
            "span.category": "http",
            "span.description": "GET <unparameterized>",
            "span.group": "90a40ce658beb0dd",
            "span.module": "http",
            "span.op": "http.client",
            "transaction": "gEt /api/:version/users/",
            "transaction.method": "POST",
            "transaction.op": "myop",
        },
    },
    Metric {
        name: "s:spans/user@none",
        value: Set(
            933084975,
        ),
        timestamp: UnixTimestamp(1619420400),
        tags: {
            "environment": "fake_environment",
            "http.status_code": "200",
            "span.action": "POST",
            "span.category": "http",
            "span.description": "POST http://*/api/hi",
            "span.domain": "127.0.0.1:1234",
            "span.group": "d4d247da245a955d",
            "span.module": "http",
            "span.op": "http.client",
            "span.status": "ok",
            "span.status_code": "200",
            "transaction": "gEt /api/:version/users/",
            "transaction.method": "POST",
            "transaction.op": "myop",
        },
    },
    Metric {
        name: "d:spans/exclusive_time@millisecond",
        value: Distribution(
            2000.0,
        ),
        timestamp: UnixTimestamp(1619420400),
        tags: {
            "environment": "fake_environment",
            "http.status_code": "200",
            "span.action": "POST",
            "span.category": "http",
            "span.description": "POST http://*/api/hi",
            "span.domain": "127.0.0.1:1234",
            "span.group": "d4d247da245a955d",
            "span.module": "http",
            "span.op": "http.client",
            "span.status": "ok",
            "span.status_code": "200",
            "transaction": "gEt /api/:version/users/",
            "transaction.method": "POST",
            "transaction.op": "myop",
        },
    },
    Metric {
        name: "d:spans/duration@millisecond",
        value: Distribution(
            2000.0,
        ),
        timestamp: UnixTimestamp(1619420400),
        tags: {
            "environment": "fake_environment",
            "http.status_code": "200",
            "span.action": "POST",
            "span.category": "http",
            "span.description": "POST http://*/api/hi",
            "span.domain": "127.0.0.1:1234",
            "span.group": "d4d247da245a955d",
            "span.module": "http",
            "span.op": "http.client",
            "span.status": "ok",
            "span.status_code": "200",
            "transaction": "gEt /api/:version/users/",
            "transaction.method": "POST",
            "transaction.op": "myop",
        },
    },
    Metric {
        name: "s:spans/user@none",
        value: Set(
            933084975,
        ),
        timestamp: UnixTimestamp(1619420400),
        tags: {
            "environment": "fake_environment",
            "http.status_code": "200",
            "span.action": "POST",
            "span.category": "http",
            "span.description": "POST *.domain.tld:targetport/<unparameterized>",
            "span.domain": "*.domain.tld:targetport",
            "span.group": "b996518ca64bc885",
            "span.module": "http",
            "span.op": "http.client",
            "span.status": "ok",
            "span.status_code": "200",
            "transaction": "gEt /api/:version/users/",
            "transaction.method": "POST",
            "transaction.op": "myop",
        },
    },
    Metric {
        name: "d:spans/exclusive_time@millisecond",
        value: Distribution(
            2000.0,
        ),
        timestamp: UnixTimestamp(1619420400),
        tags: {
            "environment": "fake_environment",
            "http.status_code": "200",
            "span.action": "POST",
            "span.category": "http",
            "span.description": "POST *.domain.tld:targetport/<unparameterized>",
            "span.domain": "*.domain.tld:targetport",
            "span.group": "b996518ca64bc885",
            "span.module": "http",
            "span.op": "http.client",
            "span.status": "ok",
            "span.status_code": "200",
            "transaction": "gEt /api/:version/users/",
            "transaction.method": "POST",
            "transaction.op": "myop",
        },
    },
    Metric {
        name: "d:spans/duration@millisecond",
        value: Distribution(
            2000.0,
        ),
        timestamp: UnixTimestamp(1619420400),
        tags: {
            "environment": "fake_environment",
            "http.status_code": "200",
            "span.action": "POST",
            "span.category": "http",
            "span.description": "POST *.domain.tld:targetport/<unparameterized>",
            "span.domain": "*.domain.tld:targetport",
            "span.group": "b996518ca64bc885",
            "span.module": "http",
            "span.op": "http.client",
            "span.status": "ok",
            "span.status_code": "200",
            "transaction": "gEt /api/:version/users/",
            "transaction.method": "POST",
            "transaction.op": "myop",
        },
    },
    Metric {
        name: "s:spans/user@none",
        value: Set(
            933084975,
        ),
        timestamp: UnixTimestamp(1619420400),
        tags: {
            "environment": "fake_environment",
            "http.status_code": "200",
            "span.action": "POST",
            "span.category": "http",
            "span.description": "POST targetdomain.tld:targetport/<unparameterized>",
            "span.domain": "targetdomain.tld:targetport",
            "span.group": "554e17b498f0131d",
            "span.module": "http",
            "span.op": "http.client",
            "span.status": "ok",
            "span.status_code": "200",
            "transaction": "gEt /api/:version/users/",
            "transaction.method": "POST",
            "transaction.op": "myop",
        },
    },
    Metric {
        name: "d:spans/exclusive_time@millisecond",
        value: Distribution(
            2000.0,
        ),
        timestamp: UnixTimestamp(1619420400),
        tags: {
            "environment": "fake_environment",
            "http.status_code": "200",
            "span.action": "POST",
            "span.category": "http",
            "span.description": "POST targetdomain.tld:targetport/<unparameterized>",
            "span.domain": "targetdomain.tld:targetport",
            "span.group": "554e17b498f0131d",
            "span.module": "http",
            "span.op": "http.client",
            "span.status": "ok",
            "span.status_code": "200",
            "transaction": "gEt /api/:version/users/",
            "transaction.method": "POST",
            "transaction.op": "myop",
        },
    },
    Metric {
        name: "d:spans/duration@millisecond",
        value: Distribution(
            2000.0,
        ),
        timestamp: UnixTimestamp(1619420400),
        tags: {
            "environment": "fake_environment",
            "http.status_code": "200",
            "span.action": "POST",
            "span.category": "http",
            "span.description": "POST targetdomain.tld:targetport/<unparameterized>",
            "span.domain": "targetdomain.tld:targetport",
            "span.group": "554e17b498f0131d",
            "span.module": "http",
            "span.op": "http.client",
            "span.status": "ok",
            "span.status_code": "200",
            "transaction": "gEt /api/:version/users/",
            "transaction.method": "POST",
            "transaction.op": "myop",
        },
    },
    Metric {
        name: "s:spans/user@none",
        value: Set(
            933084975,
        ),
        timestamp: UnixTimestamp(1619420400),
        tags: {
            "environment": "fake_environment",
            "http.status_code": "200",
            "span.action": "POST",
            "span.category": "http",
            "span.description": "POST http://targetdomain:targetport/api/id/*",
            "span.domain": "targetdomain:targetport",
            "span.group": "ca77233e5cdb864b",
            "span.module": "http",
            "span.op": "http.client",
            "span.status": "ok",
            "span.status_code": "200",
            "transaction": "gEt /api/:version/users/",
            "transaction.method": "POST",
            "transaction.op": "myop",
        },
    },
    Metric {
        name: "d:spans/exclusive_time@millisecond",
        value: Distribution(
            2000.0,
        ),
        timestamp: UnixTimestamp(1619420400),
        tags: {
            "environment": "fake_environment",
            "http.status_code": "200",
            "span.action": "POST",
            "span.category": "http",
            "span.description": "POST http://targetdomain:targetport/api/id/*",
            "span.domain": "targetdomain:targetport",
            "span.group": "ca77233e5cdb864b",
            "span.module": "http",
            "span.op": "http.client",
            "span.status": "ok",
            "span.status_code": "200",
            "transaction": "gEt /api/:version/users/",
            "transaction.method": "POST",
            "transaction.op": "myop",
        },
    },
    Metric {
        name: "d:spans/duration@millisecond",
        value: Distribution(
            2000.0,
        ),
        timestamp: UnixTimestamp(1619420400),
        tags: {
            "environment": "fake_environment",
            "http.status_code": "200",
            "span.action": "POST",
            "span.category": "http",
            "span.description": "POST http://targetdomain:targetport/api/id/*",
            "span.domain": "targetdomain:targetport",
            "span.group": "ca77233e5cdb864b",
            "span.module": "http",
            "span.op": "http.client",
            "span.status": "ok",
            "span.status_code": "200",
            "transaction": "gEt /api/:version/users/",
            "transaction.method": "POST",
            "transaction.op": "myop",
        },
    },
    Metric {
        name: "s:spans/user@none",
        value: Set(
            933084975,
        ),
        timestamp: UnixTimestamp(1619420400),
        tags: {
            "environment": "fake_environment",
            "http.status_code": "200",
            "span.action": "POST",
            "span.category": "http",
            "span.description": "POST *.domain.tld:targetport/<unparameterized>",
            "span.domain": "*.domain.tld:targetport",
            "span.group": "b996518ca64bc885",
            "span.module": "http",
            "span.op": "http.client",
            "span.status": "ok",
            "span.status_code": "200",
            "transaction": "gEt /api/:version/users/",
            "transaction.method": "POST",
            "transaction.op": "myop",
        },
    },
    Metric {
        name: "d:spans/exclusive_time@millisecond",
        value: Distribution(
            2000.0,
        ),
        timestamp: UnixTimestamp(1619420400),
        tags: {
            "environment": "fake_environment",
            "http.status_code": "200",
            "span.action": "POST",
            "span.category": "http",
            "span.description": "POST *.domain.tld:targetport/<unparameterized>",
            "span.domain": "*.domain.tld:targetport",
            "span.group": "b996518ca64bc885",
            "span.module": "http",
            "span.op": "http.client",
            "span.status": "ok",
            "span.status_code": "200",
            "transaction": "gEt /api/:version/users/",
            "transaction.method": "POST",
            "transaction.op": "myop",
        },
    },
    Metric {
        name: "d:spans/duration@millisecond",
        value: Distribution(
            2000.0,
        ),
        timestamp: UnixTimestamp(1619420400),
        tags: {
            "environment": "fake_environment",
            "http.status_code": "200",
            "span.action": "POST",
            "span.category": "http",
            "span.description": "POST *.domain.tld:targetport/<unparameterized>",
            "span.domain": "*.domain.tld:targetport",
            "span.group": "b996518ca64bc885",
            "span.module": "http",
            "span.op": "http.client",
            "span.status": "ok",
            "span.status_code": "200",
            "transaction": "gEt /api/:version/users/",
            "transaction.method": "POST",
            "transaction.op": "myop",
        },
    },
    Metric {
        name: "s:spans/user@none",
        value: Set(
            933084975,
        ),
        timestamp: UnixTimestamp(1619420400),
        tags: {
            "environment": "fake_environment",
            "http.status_code": "200",
            "span.action": "POST",
            "span.category": "http",
            "span.description": "POST *.domain.tld:targetport/<unparameterized>",
            "span.domain": "*.domain.tld:targetport",
            "span.group": "b996518ca64bc885",
            "span.module": "http",
            "span.op": "http.client",
            "span.status": "ok",
            "span.status_code": "200",
            "transaction": "gEt /api/:version/users/",
            "transaction.method": "POST",
            "transaction.op": "myop",
        },
    },
    Metric {
        name: "d:spans/exclusive_time@millisecond",
        value: Distribution(
            2000.0,
        ),
        timestamp: UnixTimestamp(1619420400),
        tags: {
            "environment": "fake_environment",
            "http.status_code": "200",
            "span.action": "POST",
            "span.category": "http",
            "span.description": "POST *.domain.tld:targetport/<unparameterized>",
            "span.domain": "*.domain.tld:targetport",
            "span.group": "b996518ca64bc885",
            "span.module": "http",
            "span.op": "http.client",
            "span.status": "ok",
            "span.status_code": "200",
            "transaction": "gEt /api/:version/users/",
            "transaction.method": "POST",
            "transaction.op": "myop",
        },
    },
    Metric {
        name: "d:spans/duration@millisecond",
        value: Distribution(
            2000.0,
        ),
        timestamp: UnixTimestamp(1619420400),
        tags: {
            "environment": "fake_environment",
            "http.status_code": "200",
            "span.action": "POST",
            "span.category": "http",
            "span.description": "POST *.domain.tld:targetport/<unparameterized>",
            "span.domain": "*.domain.tld:targetport",
            "span.group": "b996518ca64bc885",
            "span.module": "http",
            "span.op": "http.client",
            "span.status": "ok",
            "span.status_code": "200",
            "transaction": "gEt /api/:version/users/",
            "transaction.method": "POST",
            "transaction.op": "myop",
        },
    },
    Metric {
        name: "s:spans/user@none",
        value: Set(
            933084975,
        ),
        timestamp: UnixTimestamp(1619420400),
        tags: {
            "environment": "fake_environment",
            "http.status_code": "200",
            "span.action": "SELECT",
            "span.category": "db",
            "span.description": "SeLeCt column FROM tAbLe WHERE id IN (%s)",
            "span.domain": "table",
            "span.group": "f4a7fef06db3d88e",
            "span.module": "db",
            "span.op": "db.sql.query",
            "span.status": "ok",
            "span.system": "mydatabase",
            "transaction": "gEt /api/:version/users/",
            "transaction.method": "POST",
            "transaction.op": "myop",
        },
    },
    Metric {
        name: "d:spans/exclusive_time@millisecond",
        value: Distribution(
            2000.0,
        ),
        timestamp: UnixTimestamp(1619420400),
        tags: {
            "environment": "fake_environment",
            "http.status_code": "200",
            "span.action": "SELECT",
            "span.category": "db",
            "span.description": "SeLeCt column FROM tAbLe WHERE id IN (%s)",
            "span.domain": "table",
            "span.group": "f4a7fef06db3d88e",
            "span.module": "db",
            "span.op": "db.sql.query",
            "span.status": "ok",
            "span.system": "mydatabase",
            "transaction": "gEt /api/:version/users/",
            "transaction.method": "POST",
            "transaction.op": "myop",
        },
    },
    Metric {
        name: "d:spans/duration@millisecond",
        value: Distribution(
            2000.0,
        ),
        timestamp: UnixTimestamp(1619420400),
        tags: {
            "environment": "fake_environment",
            "http.status_code": "200",
            "span.action": "SELECT",
            "span.category": "db",
            "span.description": "SeLeCt column FROM tAbLe WHERE id IN (%s)",
            "span.domain": "table",
            "span.group": "f4a7fef06db3d88e",
            "span.module": "db",
            "span.op": "db.sql.query",
            "span.status": "ok",
            "span.system": "mydatabase",
            "transaction": "gEt /api/:version/users/",
            "transaction.method": "POST",
            "transaction.op": "myop",
        },
    },
    Metric {
        name: "s:spans/user@none",
        value: Set(
            933084975,
        ),
        timestamp: UnixTimestamp(1619420400),
        tags: {
            "environment": "fake_environment",
            "http.status_code": "200",
            "span.action": "SELECT",
            "span.category": "db",
            "span.description": "select column FROM table WHERE id IN (%s)",
            "span.domain": "table",
            "span.group": "4f9711d2d09963b9",
            "span.module": "db",
            "span.op": "db",
            "span.status": "ok",
            "transaction": "gEt /api/:version/users/",
            "transaction.method": "POST",
            "transaction.op": "myop",
        },
    },
    Metric {
        name: "d:spans/exclusive_time@millisecond",
        value: Distribution(
            2000.0,
        ),
        timestamp: UnixTimestamp(1619420400),
        tags: {
            "environment": "fake_environment",
            "http.status_code": "200",
            "span.action": "SELECT",
            "span.category": "db",
            "span.description": "select column FROM table WHERE id IN (%s)",
            "span.domain": "table",
            "span.group": "4f9711d2d09963b9",
            "span.module": "db",
            "span.op": "db",
            "span.status": "ok",
            "transaction": "gEt /api/:version/users/",
            "transaction.method": "POST",
            "transaction.op": "myop",
        },
    },
    Metric {
        name: "d:spans/duration@millisecond",
        value: Distribution(
            2000.0,
        ),
        timestamp: UnixTimestamp(1619420400),
        tags: {
            "environment": "fake_environment",
            "http.status_code": "200",
            "span.action": "SELECT",
            "span.category": "db",
            "span.description": "select column FROM table WHERE id IN (%s)",
            "span.domain": "table",
            "span.group": "4f9711d2d09963b9",
            "span.module": "db",
            "span.op": "db",
            "span.status": "ok",
            "transaction": "gEt /api/:version/users/",
            "transaction.method": "POST",
            "transaction.op": "myop",
        },
    },
    Metric {
        name: "s:spans/user@none",
        value: Set(
            933084975,
        ),
        timestamp: UnixTimestamp(1619420400),
        tags: {
            "environment": "fake_environment",
            "http.status_code": "200",
            "span.action": "INSERT",
            "span.category": "db",
            "span.domain": "table",
            "span.module": "db",
            "span.op": "db.sql.query",
            "span.status": "ok",
            "span.system": "mydatabase",
            "transaction": "gEt /api/:version/users/",
            "transaction.method": "POST",
            "transaction.op": "myop",
        },
    },
    Metric {
        name: "d:spans/exclusive_time@millisecond",
        value: Distribution(
            2000.0,
        ),
        timestamp: UnixTimestamp(1619420400),
        tags: {
            "environment": "fake_environment",
            "http.status_code": "200",
            "span.action": "INSERT",
            "span.category": "db",
            "span.domain": "table",
            "span.module": "db",
            "span.op": "db.sql.query",
            "span.status": "ok",
            "span.system": "mydatabase",
            "transaction": "gEt /api/:version/users/",
            "transaction.method": "POST",
            "transaction.op": "myop",
        },
    },
    Metric {
        name: "d:spans/duration@millisecond",
        value: Distribution(
            2000.0,
        ),
        timestamp: UnixTimestamp(1619420400),
        tags: {
            "environment": "fake_environment",
            "http.status_code": "200",
            "span.action": "INSERT",
            "span.category": "db",
            "span.domain": "table",
            "span.module": "db",
            "span.op": "db.sql.query",
            "span.status": "ok",
            "span.system": "mydatabase",
            "transaction": "gEt /api/:version/users/",
            "transaction.method": "POST",
            "transaction.op": "myop",
        },
    },
    Metric {
        name: "s:spans/user@none",
        value: Set(
            933084975,
        ),
        timestamp: UnixTimestamp(1619420400),
        tags: {
            "environment": "fake_environment",
            "http.status_code": "200",
            "span.action": "INSERT",
            "span.category": "db",
            "span.domain": "from_date",
            "span.module": "db",
            "span.op": "db.sql.query",
            "span.status": "ok",
            "span.system": "mydatabase",
            "transaction": "gEt /api/:version/users/",
            "transaction.method": "POST",
            "transaction.op": "myop",
        },
    },
    Metric {
        name: "d:spans/exclusive_time@millisecond",
        value: Distribution(
            2000.0,
        ),
        timestamp: UnixTimestamp(1619420400),
        tags: {
            "environment": "fake_environment",
            "http.status_code": "200",
            "span.action": "INSERT",
            "span.category": "db",
            "span.domain": "from_date",
            "span.module": "db",
            "span.op": "db.sql.query",
            "span.status": "ok",
            "span.system": "mydatabase",
            "transaction": "gEt /api/:version/users/",
            "transaction.method": "POST",
            "transaction.op": "myop",
        },
    },
    Metric {
        name: "d:spans/duration@millisecond",
        value: Distribution(
            2000.0,
        ),
        timestamp: UnixTimestamp(1619420400),
        tags: {
            "environment": "fake_environment",
            "http.status_code": "200",
            "span.action": "INSERT",
            "span.category": "db",
            "span.domain": "from_date",
            "span.module": "db",
            "span.op": "db.sql.query",
            "span.status": "ok",
            "span.system": "mydatabase",
            "transaction": "gEt /api/:version/users/",
            "transaction.method": "POST",
            "transaction.op": "myop",
        },
    },
    Metric {
        name: "s:spans/user@none",
        value: Set(
            933084975,
        ),
        timestamp: UnixTimestamp(1619420400),
        tags: {
            "environment": "fake_environment",
            "http.status_code": "200",
            "span.action": "INSERT",
            "span.category": "db",
            "span.domain": "table",
            "span.module": "db",
            "span.op": "db",
            "span.status": "ok",
            "transaction": "gEt /api/:version/users/",
            "transaction.method": "POST",
            "transaction.op": "myop",
        },
    },
    Metric {
        name: "d:spans/exclusive_time@millisecond",
        value: Distribution(
            2000.0,
        ),
        timestamp: UnixTimestamp(1619420400),
        tags: {
            "environment": "fake_environment",
            "http.status_code": "200",
            "span.action": "INSERT",
            "span.category": "db",
            "span.domain": "table",
            "span.module": "db",
            "span.op": "db",
            "span.status": "ok",
            "transaction": "gEt /api/:version/users/",
            "transaction.method": "POST",
            "transaction.op": "myop",
        },
    },
    Metric {
        name: "d:spans/duration@millisecond",
        value: Distribution(
            2000.0,
        ),
        timestamp: UnixTimestamp(1619420400),
        tags: {
            "environment": "fake_environment",
            "http.status_code": "200",
            "span.action": "INSERT",
            "span.category": "db",
            "span.domain": "table",
            "span.module": "db",
            "span.op": "db",
            "span.status": "ok",
            "transaction": "gEt /api/:version/users/",
            "transaction.method": "POST",
            "transaction.op": "myop",
        },
    },
    Metric {
        name: "s:spans/user@none",
        value: Set(
            933084975,
        ),
        timestamp: UnixTimestamp(1619420400),
        tags: {
            "environment": "fake_environment",
            "http.status_code": "200",
            "span.action": "SELECT",
            "span.category": "db",
            "span.domain": "table",
            "span.module": "db",
            "span.op": "db.sql.query",
            "span.status": "ok",
            "span.system": "mydatabase",
            "transaction": "gEt /api/:version/users/",
            "transaction.method": "POST",
            "transaction.op": "myop",
        },
    },
    Metric {
        name: "d:spans/exclusive_time@millisecond",
        value: Distribution(
            2000.0,
        ),
        timestamp: UnixTimestamp(1619420400),
        tags: {
            "environment": "fake_environment",
            "http.status_code": "200",
            "span.action": "SELECT",
            "span.category": "db",
            "span.domain": "table",
            "span.module": "db",
            "span.op": "db.sql.query",
            "span.status": "ok",
            "span.system": "mydatabase",
            "transaction": "gEt /api/:version/users/",
            "transaction.method": "POST",
            "transaction.op": "myop",
        },
    },
    Metric {
        name: "d:spans/duration@millisecond",
        value: Distribution(
            2000.0,
        ),
        timestamp: UnixTimestamp(1619420400),
        tags: {
            "environment": "fake_environment",
            "http.status_code": "200",
            "span.action": "SELECT",
            "span.category": "db",
            "span.domain": "table",
            "span.module": "db",
            "span.op": "db.sql.query",
            "span.status": "ok",
            "span.system": "mydatabase",
            "transaction": "gEt /api/:version/users/",
            "transaction.method": "POST",
            "transaction.op": "myop",
        },
    },
    Metric {
        name: "s:spans/user@none",
        value: Set(
            933084975,
        ),
        timestamp: UnixTimestamp(1619420400),
        tags: {
            "environment": "fake_environment",
            "http.status_code": "200",
            "span.action": "SELECT",
            "span.category": "db",
            "span.description": "SELECT \"table\".\"col\" FROM \"table\" WHERE \"table\".\"col\" = %s",
            "span.domain": "table",
            "span.group": "74f357d6eeea41b8",
            "span.module": "db",
            "span.op": "db",
            "span.status": "ok",
            "span.system": "mydatabase",
            "transaction": "gEt /api/:version/users/",
            "transaction.method": "POST",
            "transaction.op": "myop",
        },
    },
    Metric {
        name: "d:spans/exclusive_time@millisecond",
        value: Distribution(
            2000.0,
        ),
        timestamp: UnixTimestamp(1619420400),
        tags: {
            "environment": "fake_environment",
            "http.status_code": "200",
            "span.action": "SELECT",
            "span.category": "db",
            "span.description": "SELECT \"table\".\"col\" FROM \"table\" WHERE \"table\".\"col\" = %s",
            "span.domain": "table",
            "span.group": "74f357d6eeea41b8",
            "span.module": "db",
            "span.op": "db",
            "span.status": "ok",
            "span.system": "mydatabase",
            "transaction": "gEt /api/:version/users/",
            "transaction.method": "POST",
            "transaction.op": "myop",
        },
    },
    Metric {
        name: "d:spans/duration@millisecond",
        value: Distribution(
            2000.0,
        ),
        timestamp: UnixTimestamp(1619420400),
        tags: {
            "environment": "fake_environment",
            "http.status_code": "200",
            "span.action": "SELECT",
            "span.category": "db",
            "span.description": "SELECT \"table\".\"col\" FROM \"table\" WHERE \"table\".\"col\" = %s",
            "span.domain": "table",
            "span.group": "74f357d6eeea41b8",
            "span.module": "db",
            "span.op": "db",
            "span.status": "ok",
            "span.system": "mydatabase",
            "transaction": "gEt /api/:version/users/",
            "transaction.method": "POST",
            "transaction.op": "myop",
        },
    },
    Metric {
        name: "s:spans/user@none",
        value: Set(
            933084975,
        ),
        timestamp: UnixTimestamp(1619420400),
        tags: {
            "environment": "fake_environment",
            "http.status_code": "200",
            "span.action": "SELECT",
            "span.category": "db",
            "span.description": "SELECT 'TABLE'.'col' FROM 'TABLE' WHERE 'TABLE'.'col' = %s",
            "span.domain": "table",
            "span.group": "8ea340ad7f24b50a",
            "span.module": "db",
            "span.op": "db",
            "span.status": "ok",
            "span.system": "mydatabase",
            "transaction": "gEt /api/:version/users/",
            "transaction.method": "POST",
            "transaction.op": "myop",
        },
    },
    Metric {
        name: "d:spans/exclusive_time@millisecond",
        value: Distribution(
            2000.0,
        ),
        timestamp: UnixTimestamp(1619420400),
        tags: {
            "environment": "fake_environment",
            "http.status_code": "200",
            "span.action": "SELECT",
            "span.category": "db",
            "span.description": "SELECT 'TABLE'.'col' FROM 'TABLE' WHERE 'TABLE'.'col' = %s",
            "span.domain": "table",
            "span.group": "8ea340ad7f24b50a",
            "span.module": "db",
            "span.op": "db",
            "span.status": "ok",
            "span.system": "mydatabase",
            "transaction": "gEt /api/:version/users/",
            "transaction.method": "POST",
            "transaction.op": "myop",
        },
    },
    Metric {
        name: "d:spans/duration@millisecond",
        value: Distribution(
            2000.0,
        ),
        timestamp: UnixTimestamp(1619420400),
        tags: {
            "environment": "fake_environment",
            "http.status_code": "200",
            "span.action": "SELECT",
            "span.category": "db",
            "span.description": "SELECT 'TABLE'.'col' FROM 'TABLE' WHERE 'TABLE'.'col' = %s",
            "span.domain": "table",
            "span.group": "8ea340ad7f24b50a",
            "span.module": "db",
            "span.op": "db",
            "span.status": "ok",
            "span.system": "mydatabase",
            "transaction": "gEt /api/:version/users/",
            "transaction.method": "POST",
            "transaction.op": "myop",
        },
    },
    Metric {
        name: "s:spans/user@none",
        value: Set(
            933084975,
        ),
        timestamp: UnixTimestamp(1619420400),
        tags: {
            "environment": "fake_environment",
            "http.status_code": "200",
            "span.category": "db",
            "span.description": "SAVEPOINT %s",
            "span.group": "3f955cbde39e04b9",
            "span.module": "db",
            "span.op": "db",
            "span.status": "ok",
            "span.system": "mydatabase",
            "transaction": "gEt /api/:version/users/",
            "transaction.method": "POST",
            "transaction.op": "myop",
        },
    },
    Metric {
        name: "d:spans/exclusive_time@millisecond",
        value: Distribution(
            2000.0,
        ),
        timestamp: UnixTimestamp(1619420400),
        tags: {
            "environment": "fake_environment",
            "http.status_code": "200",
            "span.category": "db",
            "span.description": "SAVEPOINT %s",
            "span.group": "3f955cbde39e04b9",
            "span.module": "db",
            "span.op": "db",
            "span.status": "ok",
            "span.system": "mydatabase",
            "transaction": "gEt /api/:version/users/",
            "transaction.method": "POST",
            "transaction.op": "myop",
        },
    },
    Metric {
        name: "d:spans/duration@millisecond",
        value: Distribution(
            2000.0,
        ),
        timestamp: UnixTimestamp(1619420400),
        tags: {
            "environment": "fake_environment",
            "http.status_code": "200",
            "span.category": "db",
            "span.description": "SAVEPOINT %s",
            "span.group": "3f955cbde39e04b9",
            "span.module": "db",
            "span.op": "db",
            "span.status": "ok",
            "span.system": "mydatabase",
            "transaction": "gEt /api/:version/users/",
            "transaction.method": "POST",
            "transaction.op": "myop",
        },
    },
    Metric {
        name: "s:spans/user@none",
        value: Set(
            933084975,
        ),
        timestamp: UnixTimestamp(1619420400),
        tags: {
            "environment": "fake_environment",
            "http.status_code": "200",
            "span.category": "cache",
            "span.description": "GET cache:user:*",
            "span.group": "325fa5feb926f121",
            "span.module": "cache",
            "span.op": "cache.get_item",
            "span.status": "ok",
            "transaction": "gEt /api/:version/users/",
            "transaction.method": "POST",
            "transaction.op": "myop",
        },
    },
    Metric {
        name: "d:spans/exclusive_time@millisecond",
        value: Distribution(
            2000.0,
        ),
        timestamp: UnixTimestamp(1619420400),
        tags: {
            "environment": "fake_environment",
            "http.status_code": "200",
            "span.category": "cache",
            "span.description": "GET cache:user:*",
            "span.group": "325fa5feb926f121",
            "span.module": "cache",
            "span.op": "cache.get_item",
            "span.status": "ok",
            "transaction": "gEt /api/:version/users/",
            "transaction.method": "POST",
            "transaction.op": "myop",
        },
    },
    Metric {
        name: "d:spans/duration@millisecond",
        value: Distribution(
            2000.0,
        ),
        timestamp: UnixTimestamp(1619420400),
        tags: {
            "environment": "fake_environment",
            "http.status_code": "200",
            "span.category": "cache",
            "span.description": "GET cache:user:*",
            "span.group": "325fa5feb926f121",
            "span.module": "cache",
            "span.op": "cache.get_item",
            "span.status": "ok",
            "transaction": "gEt /api/:version/users/",
            "transaction.method": "POST",
            "transaction.op": "myop",
        },
    },
    Metric {
        name: "s:spans/user@none",
        value: Set(
            933084975,
        ),
        timestamp: UnixTimestamp(1619420400),
        tags: {
            "environment": "fake_environment",
            "http.status_code": "200",
            "span.category": "resource",
            "span.description": "http://domain/static/myscript-*.js",
            "span.group": "022f81fdf31228bf",
            "span.op": "resource.script",
            "span.status": "ok",
            "transaction": "gEt /api/:version/users/",
            "transaction.method": "POST",
            "transaction.op": "myop",
        },
    },
    Metric {
        name: "d:spans/exclusive_time@millisecond",
        value: Distribution(
            2000.0,
        ),
        timestamp: UnixTimestamp(1619420400),
        tags: {
            "environment": "fake_environment",
            "http.status_code": "200",
            "span.category": "resource",
            "span.description": "http://domain/static/myscript-*.js",
            "span.group": "022f81fdf31228bf",
            "span.op": "resource.script",
            "span.status": "ok",
            "transaction": "gEt /api/:version/users/",
            "transaction.method": "POST",
            "transaction.op": "myop",
        },
    },
    Metric {
        name: "d:spans/duration@millisecond",
        value: Distribution(
            2000.0,
        ),
        timestamp: UnixTimestamp(1619420400),
        tags: {
            "environment": "fake_environment",
            "http.status_code": "200",
            "span.category": "resource",
            "span.description": "http://domain/static/myscript-*.js",
            "span.group": "022f81fdf31228bf",
            "span.op": "resource.script",
            "span.status": "ok",
            "transaction": "gEt /api/:version/users/",
            "transaction.method": "POST",
            "transaction.op": "myop",
        },
    },
]
