---
source: relay-event-normalization/src/normalize/span/tag_extraction.rs
expression: event
---
Event {
    id: ~,
    level: ~,
    version: ~,
    ty: ~,
    fingerprint: ~,
    culprit: ~,
    transaction: ~,
    transaction_info: ~,
    time_spent: ~,
    logentry: ~,
    logger: ~,
    modules: ~,
    platform: ~,
    timestamp: ~,
    start_timestamp: ~,
    received: ~,
    server_name: ~,
    release: ~,
    dist: ~,
    environment: ~,
    site: ~,
    user: ~,
    request: ~,
    contexts: ~,
    breadcrumbs: ~,
    exceptions: ~,
    stacktrace: ~,
    template: ~,
    threads: ~,
    tags: ~,
    extra: ~,
    debug_meta: ~,
    client_sdk: ~,
    ingest_path: ~,
    errors: ~,
    key_id: ~,
    project: ~,
    grouping_config: ~,
    checksum: ~,
    csp: ~,
    hpkp: ~,
    expectct: ~,
    expectstaple: ~,
    spans: [
        Span {
            timestamp: Timestamp(
                2023-12-13T13:36:53.049499988Z,
            ),
            start_timestamp: Timestamp(
                2023-12-13T13:36:53.017499923Z,
            ),
            exclusive_time: ~,
            description: "OpenAI ",
            op: "ai.chat_completions.openai",
            span_id: SpanId(
                "9c01bd820a083e63",
            ),
            parent_span_id: SpanId(
                "a1e13f3f06239d69",
            ),
            trace_id: TraceId(
                "922dda2462ea4ac2b6a4b339bee90863",
            ),
            segment_id: ~,
            is_segment: ~,
            status: ~,
            tags: ~,
            origin: ~,
            profile_id: ~,
            data: SpanData {
                app_start_type: ~,
                browser_name: ~,
                code_filepath: ~,
                code_lineno: ~,
                code_function: ~,
                code_namespace: ~,
                db_operation: ~,
                db_system: ~,
                environment: ~,
                release: ~,
                http_decoded_response_content_length: ~,
                http_request_method: ~,
                http_response_content_length: ~,
                http_response_transfer_size: ~,
                resource_render_blocking_status: ~,
                server_address: ~,
                cache_hit: ~,
                cache_item_size: ~,
                http_response_status_code: ~,
                ai_pipeline_name: String(
                    "Autofix Pipeline",
                ),
                ai_model_id: String(
                    "claude-2.1",
                ),
                ai_input_messages: ~,
                ai_completion_tokens_used: ~,
                ai_prompt_tokens_used: ~,
                ai_total_tokens_used: ~,
                ai_responses: ~,
                thread_name: ~,
                segment_name: ~,
                ui_component_name: ~,
                url_scheme: ~,
                user: ~,
                replay_id: ~,
                sdk_name: ~,
                sdk_version: ~,
                frames_slow: ~,
                frames_frozen: ~,
                frames_total: ~,
                frames_delay: ~,
                messaging_destination_name: ~,
                messaging_message_retry_count: ~,
                messaging_message_receive_latency: ~,
                messaging_message_body_size: ~,
                other: {},
            },
            sentry_tags: {
                "ai_pipeline_group": "86148ae2d6c09430",
                "category": "ai",
                "op": "ai.chat_completions.openai",
                "platform": "other",
                "sdk.name": "unknown",
                "sdk.version": "unknown",
            },
            received: ~,
            measurements: Measurements(
                {
                    "ai_total_cost": Measurement {
                        value: 8.0,
                        unit: None,
                    },
                    "ai_total_tokens_used": Measurement {
                        value: 1000000.0,
                        unit: ~,
                    },
                },
            ),
            _metrics_summary: ~,
            platform: ~,
            was_transaction: ~,
            other: {},
        },
    ],
    measurements: ~,
    breakdowns: ~,
    scraping_attempts: ~,
    _metrics: ~,
    _metrics_summary: ~,
    other: {},
}
