---
source: relay-general/src/pii/convert.rs
expression: data
---
{
  "extra": {
    "s": "\"\"-----BEGIN RSA PRIVATE KEY-----\n[Filtered]\n-----END RSA PRIVATE KEY-----\"\""
  },
  "_meta": {
    "extra": {
      "s": {
        "": {
          "rem": [
            [
              "@pemkey:filter",
              "s",
              34,
              44
            ]
          ],
          "len": 260
        }
      }
    }
  }
}
