---
source: relay-general/src/pii/processor.rs
expression: breadcrumb
---
{
  "data": {
    "http": {
      "query": "ccnumber=[Filtered]&process_id=123"
    }
  },
  "_meta": {
    "data": {
      "http": {
        "query": {
          "": {
            "rem": [
              [
                "@creditcard:filter",
                "s",
                9,
                19
              ]
            ],
            "len": 40
          }
        }
      }
    }
  }
}
