---
source: relay-general/src/pii/processor.rs
expression: span
---
{
  "data": {
    "http": {
      "query": {
        "ccnumber": "[Filtered]",
        "process_id": "123"
      }
    },
    "also_scrub": "[Filtered]"
  },
  "_meta": {
    "data": {
      "also_scrub": {
        "": {
          "rem": [
            [
              "@creditcard:filter",
              "s",
              0,
              10
            ]
          ],
          "len": 16
        }
      },
      "http": {
        "query": {
          "ccnumber": {
            "": {
              "rem": [
                [
                  "@creditcard:filter",
                  "s",
                  0,
                  10
                ]
              ],
              "len": 16
            }
          }
        }
      }
    }
  }
}
