---
source: relay-general/src/protocol/contexts/response.rs
expression: data
---
{
  "context": {
    "response": {
      "headers": {
        "Authorization": "[Filtered]",
        "Proxy-Authorization": "[Filtered]",
        "Set-Cookie": "[Filtered]"
      },
      "status_code": 200
    }
  },
  "_meta": {
    "context": {
      "response": {
        "headers": {
          "Authorization": {
            "": {
              "rem": [
                [
                  "@password:filter",
                  "s",
                  0,
                  10
                ]
              ],
              "len": 16
            }
          },
          "Proxy-Authorization": {
            "": {
              "rem": [
                [
                  "@password:filter",
                  "s",
                  0,
                  10
                ]
              ],
              "len": 8
            }
          },
          "Set-Cookie": {
            "": {
              "rem": [
                [
                  "@password:filter",
                  "s",
                  0,
                  10
                ]
              ],
              "len": 47
            }
          }
        }
      }
    }
  }
}
