---
source: relay-server/src/processing/spans/process.rs
expression: SerializableAnnotated(&data.value().unwrap().attributes)
---
{
  "@creditcard:mask|4242424242424242": {
    "type": "string",
    "value": "****************"
  },
  "_meta": {
    "@creditcard:mask|4242424242424242": {
      "value": {
        "": {
          "rem": [
            [
              "@creditcard:mask",
              "m",
              0,
              16
            ]
          ],
          "len": 16
        }
      }
    }
  }
}
