---
source: tools/document-pii/src/main.rs
expression: output
---
[
    "InnerGeneric.bitcoin_wallet_key",
    "MyStruct.foo",
    "MyStruct.sub_struct.field2",
    "MyStruct.sub_struct.mystery_field.bitcoin_wallet_key",
    "SelfReferential.pretty_sensitive",
    "SubStruct.field2",
    "SubStruct.mystery_field.bitcoin_wallet_key",
    "WeirdType.pii_true",
    "WeirdTypes.func.pii_true",
    "WeirdTypes.ptr.pii_true",
    "WeirdTypes.reference.pii_true",
    "WeirdTypes.slice.pii_true",
    "WeirdTypes.tuple.pii_true",
]
