---
source: tools/document-pii/src/main.rs
expression: output
---
[
    Output {
        path: "FooBar.not_sensitive",
        additional_properties: false,
    },
    Output {
        path: "HasGeneric.maybe_sensitive_stuff",
        additional_properties: false,
    },
    Output {
        path: "InnerGeneric.bitcoin_wallet_key",
        additional_properties: false,
    },
    Output {
        path: "MyStruct.foo",
        additional_properties: false,
    },
    Output {
        path: "MyStruct.sub_struct.field2",
        additional_properties: false,
    },
    Output {
        path: "MyStruct.sub_struct.mystery_field.bitcoin_wallet_key",
        additional_properties: false,
    },
    Output {
        path: "MyStruct.sub_struct.mystery_field.maybe_sensitive_stuff",
        additional_properties: false,
    },
    Output {
        path: "SelfReferential.pretty_sensitive",
        additional_properties: false,
    },
    Output {
        path: "SubStruct.field2",
        additional_properties: false,
    },
    Output {
        path: "SubStruct.mystery_field.bitcoin_wallet_key",
        additional_properties: false,
    },
    Output {
        path: "SubStruct.mystery_field.maybe_sensitive_stuff",
        additional_properties: false,
    },
    Output {
        path: "WeirdType.pii_true",
        additional_properties: false,
    },
    Output {
        path: "WeirdTypes.func.pii_true",
        additional_properties: false,
    },
    Output {
        path: "WeirdTypes.ptr.pii_true",
        additional_properties: false,
    },
    Output {
        path: "WeirdTypes.reference.pii_true",
        additional_properties: false,
    },
    Output {
        path: "WeirdTypes.slice.pii_true",
        additional_properties: false,
    },
    Output {
        path: "WeirdTypes.tuple.pii_true",
        additional_properties: false,
    },
]
